Component: ARM Compiler 5.06 update 1 (build 61) Tool: armlink [4d35a8]

==============================================================================

Section Cross References

    startup_stm32f10x_hd.o(RESET) refers to startup_stm32f10x_hd.o(STACK) for __initial_sp
    startup_stm32f10x_hd.o(RESET) refers to startup_stm32f10x_hd.o(.text) for Reset_Handler
    startup_stm32f10x_hd.o(RESET) refers to stm32f10x_it.o(.text) for NMI_Handler
    startup_stm32f10x_hd.o(RESET) refers to microstepdriver.o(.text) for TIM2_IRQHandler
    startup_stm32f10x_hd.o(.text) refers to system_stm32f10x.o(.text) for SystemInit
    startup_stm32f10x_hd.o(.text) refers to entry.o(.ARM.Collect$$$$00000000) for __main
    system_stm32f10x.o(.text) refers to system_stm32f10x.o(.data) for SystemCoreClock
    stm32f10x_adc.o(.text) refers to stm32f10x_rcc.o(.text) for RCC_APB2PeriphResetCmd
    stm32f10x_bkp.o(.text) refers to stm32f10x_rcc.o(.text) for RCC_BackupResetCmd
    stm32f10x_can.o(.text) refers to stm32f10x_rcc.o(.text) for RCC_APB1PeriphResetCmd
    stm32f10x_cec.o(.text) refers to stm32f10x_rcc.o(.text) for RCC_APB1PeriphResetCmd
    stm32f10x_dac.o(.text) refers to stm32f10x_rcc.o(.text) for RCC_APB1PeriphResetCmd
    stm32f10x_gpio.o(.text) refers to stm32f10x_rcc.o(.text) for RCC_APB2PeriphResetCmd
    stm32f10x_i2c.o(.text) refers to stm32f10x_rcc.o(.text) for RCC_APB1PeriphResetCmd
    stm32f10x_pwr.o(.text) refers to stm32f10x_rcc.o(.text) for RCC_APB1PeriphResetCmd
    stm32f10x_rcc.o(.text) refers to stm32f10x_rcc.o(.data) for APBAHBPrescTable
    stm32f10x_spi.o(.text) refers to stm32f10x_rcc.o(.text) for RCC_APB2PeriphResetCmd
    stm32f10x_tim.o(.text) refers to stm32f10x_rcc.o(.text) for RCC_APB2PeriphResetCmd
    stm32f10x_usart.o(.text) refers to stm32f10x_rcc.o(.text) for RCC_APB2PeriphResetCmd
    stm32f10x_wwdg.o(.text) refers to stm32f10x_rcc.o(.text) for RCC_APB1PeriphResetCmd
    main.o(.text) refers to bsp_usart1.o(.text) for USARTx_Config
    main.o(.text) refers to bsp_systick.o(.text) for SysTick_Init
    main.o(.text) refers to bsp_esp8266.o(.text) for ESP8266_Init
    main.o(.text) refers to bsp_led.o(.text) for LED_GPIO_Config
    main.o(.text) refers to bsp_dht11.o(.text) for DHT11_Init
    main.o(.text) refers to microstepdriver.o(.text) for SMD_Init
    main.o(.text) refers to bsp_exti.o(.text) for EXTI_Key_Config
    main.o(.text) refers to printfa.o(i.__0printf) for __2printf
    main.o(.text) refers to test.o(.text) for ESP8266_StaTcpClient_UnvarnishTest
    stm32f10x_it.o(.text) refers to bsp_systick.o(.text) for TimingDelay_Decrement
    stm32f10x_it.o(.text) refers to stm32f10x_usart.o(.text) for USART_GetITStatus
    stm32f10x_it.o(.text) refers to strstr.o(.text) for strstr
    stm32f10x_it.o(.text) refers to bsp_esp8266.o(.bss) for strEsp8266_Fram_Record
    stm32f10x_it.o(.text) refers to test.o(.data) for ucTcpClosedFlag
    bsp_usart1.o(.text) refers to stm32f10x_rcc.o(.text) for RCC_APB2PeriphClockCmd
    bsp_usart1.o(.text) refers to stm32f10x_gpio.o(.text) for GPIO_Init
    bsp_usart1.o(.text) refers to stm32f10x_usart.o(.text) for USART_Init
    bsp_systick.o(.text) refers to system_stm32f10x.o(.data) for SystemCoreClock
    bsp_systick.o(.text) refers to bsp_systick.o(.data) for TimingDelay
    bsp_esp8266.o(.text) refers to misc.o(.text) for NVIC_PriorityGroupConfig
    bsp_esp8266.o(.text) refers to stm32f10x_rcc.o(.text) for RCC_APB1PeriphClockCmd
    bsp_esp8266.o(.text) refers to stm32f10x_gpio.o(.text) for GPIO_Init
    bsp_esp8266.o(.text) refers to stm32f10x_usart.o(.text) for USART_Init
    bsp_esp8266.o(.text) refers to bsp_systick.o(.text) for Delay_us
    bsp_esp8266.o(.text) refers to common.o(.text) for USART_printf
    bsp_esp8266.o(.text) refers to printfa.o(i.__0printf) for __2printf
    bsp_esp8266.o(.text) refers to strstr.o(.text) for strstr
    bsp_esp8266.o(.text) refers to printfa.o(i.__0sprintf) for __2sprintf
    bsp_esp8266.o(.text) refers to memseta.o(.text) for __aeabi_memclr4
    bsp_esp8266.o(.text) refers to bsp_esp8266.o(.bss) for strEsp8266_Fram_Record
    common.o(.text) refers to stm32f10x_usart.o(.text) for USART_SendData
    bsp_dht11.o(.text) refers to stm32f10x_rcc.o(.text) for RCC_APB2PeriphClockCmd
    bsp_dht11.o(.text) refers to stm32f10x_gpio.o(.text) for GPIO_Init
    bsp_dht11.o(.text) refers to bsp_systick.o(.text) for Delay_us
    test.o(.text) refers to memseta.o(.text) for __aeabi_memclr4
    test.o(.text) refers to printfa.o(i.__0printf) for __2printf
    test.o(.text) refers to stm32f10x_gpio.o(.text) for GPIO_SetBits
    test.o(.text) refers to bsp_esp8266.o(.text) for ESP8266_AT_Test
    test.o(.text) refers to printfa.o(i.__0sprintf) for __2sprintf
    test.o(.text) refers to bsp_systick.o(.text) for Delay_us
    test.o(.text) refers to strcmp.o(.text) for strcmp
    test.o(.text) refers to bsp_dht11.o(.text) for DHT11_Read_TempAndHumidity
    test.o(.text) refers to smd_test.o(.text) for DealSerialData
[...]
    printf5.o(i.__0sprintf$5) refers to printf5.o(i._sputc) for _sputc
    printf5.o(i.__0vfprintf$5) refers to printf5.o(i._printf_core) for _printf_core
    printf5.o(i.__0vfprintf$5) refers to bsp_usart1.o(.text) for fputc
    printf5.o(i.__0vprintf$5) refers to printf5.o(i._printf_core) for _printf_core
    printf5.o(i.__0vprintf$5) refers to bsp_usart1.o(.text) for fputc
    printf5.o(i.__0vprintf$5) refers to stdout.o(.data) for __stdout
    printf5.o(i.__0vsnprintf$5) refers to printf5.o(i._printf_core) for _printf_core
    printf5.o(i.__0vsnprintf$5) refers to printf5.o(i._snputc) for _snputc
    printf5.o(i.__0vsprintf$5) refers to printf5.o(i._printf_core) for _printf_core
    printf5.o(i.__0vsprintf$5) refers to printf5.o(i._sputc) for _sputc
    printf5.o(i._printf_core) refers to uldiv.o(.text) for __aeabi_uldivmod
    printf6.o(i.__0fprintf$6) refers to printf6.o(i._printf_core) for _printf_core
    printf6.o(i.__0fprintf$6) refers to bsp_usart1.o(.text) for fputc
    printf6.o(i.__0printf$6) refers to printf6.o(i._printf_core) for _printf_core
    printf6.o(i.__0printf$6) refers to bsp_usart1.o(.text) for fputc
    printf6.o(i.__0printf$6) refers to stdout.o(.data) for __stdout
    printf6.o(i.__0snprintf$6) refers to printf6.o(i._printf_core) for _printf_core
    printf6.o(i.__0snprintf$6) refers to printf6.o(i._snputc) for _snputc
    printf6.o(i.__0sprintf$6) refers to printf6.o(i._printf_core) for _printf_core
    printf6.o(i.__0sprintf$6) refers to printf6.o(i._sputc) for _sputc
    printf6.o(i.__0vfprintf$6) refers to printf6.o(i._printf_core) for _printf_core
    printf6.o(i.__0vfprintf$6) refers to bsp_usart1.o(.text) for fputc
    printf6.o(i.__0vprintf$6) refers to printf6.o(i._printf_core) for _printf_core
    printf6.o(i.__0vprintf$6) refers to bsp_usart1.o(.text) for fputc
    printf6.o(i.__0vprintf$6) refers to stdout.o(.data) for __stdout
    printf6.o(i.__0vsnprintf$6) refers to printf6.o(i._printf_core) for _printf_core
    printf6.o(i.__0vsnprintf$6) refers to printf6.o(i._snputc) for _snputc
    printf6.o(i.__0vsprintf$6) refers to printf6.o(i._printf_core) for _printf_core
    printf6.o(i.__0vsprintf$6) refers to printf6.o(i._sputc) for _sputc
    printf6.o(i._printf_core) refers to printf6.o(i._printf_pre_padding) for _printf_pre_padding
    printf6.o(i._printf_core) refers to uidiv.o(.text) for __aeabi_uidivmod
    printf6.o(i._printf_core) refers to printf6.o(i._printf_post_padding) for _printf_post_padding
    printf7.o(i.__0fprintf$7) refers to printf7.o(i._printf_core) for _printf_core
    printf7.o(i.__0fprintf$7) refers to bsp_usart1.o(.text) for fputc
    printf7.o(i.__0printf$7) refers to printf7.o(i._printf_core) for _printf_core
    printf7.o(i.__0printf$7) refers to bsp_usart1.o(.text) for fputc
    printf7.o(i.__0printf$7) refers to stdout.o(.data) for __stdout
    printf7.o(i.__0snprintf$7) refers to printf7.o(i._printf_core) for _printf_core
    printf7.o(i.__0snprintf$7) refers to printf7.o(i._snputc) for _snputc
    printf7.o(i.__0sprintf$7) refers to printf7.o(i._printf_core) for _printf_core
    printf7.o(i.__0sprintf$7) refers to printf7.o(i._sputc) for _sputc
    printf7.o(i.__0vfprintf$7) refers to printf7.o(i._printf_core) for _printf_core
    printf7.o(i.__0vfprintf$7) refers to bsp_usart1.o(.text) for fputc
    printf7.o(i.__0vprintf$7) refers to printf7.o(i._printf_core) for _printf_core
    printf7.o(i.__0vprintf$7) refers to bsp_usart1.o(.text) for fputc
    printf7.o(i.__0vprintf$7) refers to stdout.o(.data) for __stdout
    printf7.o(i.__0vsnprintf$7) refers to printf7.o(i._printf_core) for _printf_core
    printf7.o(i.__0vsnprintf$7) refers to printf7.o(i._snputc) for _snputc
    printf7.o(i.__0vsprintf$7) refers to printf7.o(i._printf_core) for _printf_core
    printf7.o(i.__0vsprintf$7) refers to printf7.o(i._sputc) for _sputc
    printf7.o(i._printf_core) refers to printf7.o(i._printf_pre_padding) for _printf_pre_padding
    printf7.o(i._printf_core) refers to uldiv.o(.text) for __aeabi_uldivmod
    printf7.o(i._printf_core) refers to printf7.o(i._printf_post_padding) for _printf_post_padding
    printf8.o(i.__0fprintf$8) refers to printf8.o(i._printf_core) for _printf_core
    printf8.o(i.__0fprintf$8) refers to bsp_usart1.o(.text) for fputc
    printf8.o(i.__0printf$8) refers to printf8.o(i._printf_core) for _printf_core
    printf8.o(i.__0printf$8) refers to bsp_usart1.o(.text) for fputc
    printf8.o(i.__0printf$8) refers to stdout.o(.data) for __stdout
    printf8.o(i.__0snprintf$8) refers to printf8.o(i._printf_core) for _printf_core
    printf8.o(i.__0snprintf$8) refers to printf8.o(i._snputc) for _snputc
    printf8.o(i.__0sprintf$8) refers to printf8.o(i._printf_core) for _printf_core
    printf8.o(i.__0sprintf$8) refers to printf8.o(i._sputc) for _sputc
    printf8.o(i.__0vfprintf$8) refers to printf8.o(i._printf_core) for _printf_core
    printf8.o(i.__0vfprintf$8) refers to bsp_usart1.o(.text) for fputc
    printf8.o(i.__0vprintf$8) refers to printf8.o(i._printf_core) for _printf_core
    printf8.o(i.__0vprintf$8) refers to bsp_usart1.o(.text) for fputc
    printf8.o(i.__0vprintf$8) refers to stdout.o(.data) for __stdout
    printf8.o(i.__0vsnprintf$8) refers to printf8.o(i._printf_core) for _printf_core
    printf8.o(i.__0vsnprintf$8) refers to printf8.o(i._snputc) for _snputc
    printf8.o(i.__0vsprintf$8) refers to printf8.o(i._printf_core) for _printf_core
    printf8.o(i.__0vsprintf$8) refers to printf8.o(i._sputc) for _sputc
    printf8.o(i._printf_core) refers to printf8.o(i._printf_pre_padding) for _printf_pre_padding
    printf8.o(i._printf_core) refers to uldiv.o(.text) for __aeabi_uldivmod
    printf8.o(i._printf_core) refers to printf8.o(i._printf_post_padding) for _printf_post_padding
    printfa.o(i.__0fprintf) refers (Special) to iusefp.o(.text) for __I$use$fp
    printfa.o(i.__0fprintf) refers to printfa.o(i._printf_core) for _printf_core
    printfa.o(i.__0fprintf) refers to bsp_usart1.o(.text) for fputc
    printfa.o(i.__0printf) refers (Special) to iusefp.o(.text) for __I$use$fp
    printfa.o(i.__0printf) refers to printfa.o(i._printf_core) for _printf_core
    printfa.o(i.__0printf) refers to bsp_usart1.o(.text) for fputc
    printfa.o(i.__0printf) refers to stdout.o(.data) for __stdout
    printfa.o(i.__0snprintf) refers (Special) to iusefp.o(.text) for __I$use$fp
    printfa.o(i.__0snprintf) refers to printfa.o(i._printf_core) for _printf_core
    printfa.o(i.__0snprintf) refers to printfa.o(i._snputc) for _snputc
    printfa.o(i.__0sprintf) refers (Special) to iusefp.o(.text) for __I$use$fp
    printfa.o(i.__0sprintf) refers to printfa.o(i._printf_core) for _printf_core
    printfa.o(i.__0sprintf) refers to printfa.o(i._sputc) for _sputc
    printfa.o(i.__0vfprintf) refers (Special) to iusefp.o(.text) for __I$use$fp
    printfa.o(i.__0vfprintf) refers to printfa.o(i._printf_core) for _printf_core
    printfa.o(i.__0vfprintf) refers to bsp_usart1.o(.text) for fputc
    printfa.o(i.__0vprintf) refers (Special) to iusefp.o(.text) for __I$use$fp
    printfa.o(i.__0vprintf) refers to printfa.o(i._printf_core) for _printf_core
    printfa.o(i.__0vprintf) refers to bsp_usart1.o(.text) for fputc
    printfa.o(i.__0vprintf) refers to stdout.o(.data) for __stdout
    printfa.o(i.__0vsnprintf) refers (Special) to iusefp.o(.text) for __I$use$fp
    printfa.o(i.__0vsnprintf) refers to printfa.o(i._printf_core) for _printf_core
    printfa.o(i.__0vsnprintf) refers to printfa.o(i._snputc) for _snputc
    printfa.o(i.__0vsprintf) refers (Special) to iusefp.o(.text) for __I$use$fp
    printfa.o(i.__0vsprintf) refers to printfa.o(i._printf_core) for _printf_core
    printfa.o(i.__0vsprintf) refers to printfa.o(i._sputc) for _sputc
    printfa.o(i._fp_digits) refers (Special) to iusefp.o(.text) for __I$use$fp
    printfa.o(i._fp_digits) refers to dmul.o(.text) for __aeabi_dmul
    printfa.o(i._fp_digits) refers to ddiv.o(.text) for __aeabi_ddiv
    printfa.o(i._fp_digits) refers to cdrcmple.o(.text) for __aeabi_cdrcmple
    printfa.o(i._fp_digits) refers to dadd.o(.text) for __aeabi_dadd
    printfa.o(i._fp_digits) refers to dfixul.o(.text) for __aeabi_d2ulz
    printfa.o(i._fp_digits) refers to uldiv.o(.text) for __aeabi_uldivmod
    printfa.o(i._printf_core) refers (Special) to iusefp.o(.text) for __I$use$fp
    printfa.o(i._printf_core) refers to printfa.o(i._printf_pre_padding) for _printf_pre_padding
    printfa.o(i._printf_core) refers to uldiv.o(.text) for __aeabi_uldivmod
    printfa.o(i._printf_core) refers to printfa.o(i._printf_post_padding) for _printf_post_padding
    printfa.o(i._printf_core) refers to printfa.o(i._fp_digits) for _fp_digits
    printfa.o(i._printf_core) refers to uidiv.o(.text) for __aeabi_uidivmod
    printfa.o(i._printf_post_padding) refers (Special) to iusefp.o(.text) for __I$use$fp
    printfa.o(i._printf_pre_padding) refers (Special) to iusefp.o(.text) for __I$use$fp
    printfa.o(i._snputc) refers (Special) to iusefp.o(.text) for __I$use$fp
    printfa.o(i._sputc) refers (Special) to iusefp.o(.text) for __I$use$fp
    atoi.o(.text) refers to errno.o(i.__aeabi_errno_addr) for __aeabi_errno_addr
    atoi.o(.text) refers to strtol.o(.text) for strtol
    dmul.o(.text) refers (Special) to iusefp.o(.text) for __I$use$fp
    dmul.o(.text) refers to depilogue.o(.text) for _double_epilogue
    ddiv.o(.text) refers (Special) to iusefp.o(.text) for __I$use$fp
    ddiv.o(.text) refers to depilogue.o(.text) for _double_round
    dflti.o(.text) refers (Special) to iusefp.o(.text) for __I$use$fp
    dflti.o(.text) refers to depilogue.o(.text) for _double_epilogue
    dfltui.o(.text) refers (Special) to iusefp.o(.text) for __I$use$fp
    dfltui.o(.text) refers to depilogue.o(.text) for _double_epilogue
    dfixui.o(.text) refers (Special) to iusefp.o(.text) for __I$use$fp
    dfixui.o(.text) refers to llushr.o(.text) for __aeabi_llsr
    entry2.o(.ARM.Collect$$$$00000001) refers to entry2.o(.ARM.Collect$$$$00002712) for __lit__00000000
    entry2.o(.ARM.Collect$$$$00002712) refers to startup_stm32f10x_hd.o(STACK) for __initial_sp
    entry2.o(__vectab_stack_and_reset_area) refers to startup_stm32f10x_hd.o(STACK) for __initial_sp
    entry2.o(__vectab_stack_and_reset_area) refers to entry.o(.ARM.Collect$$$$00000000) for __main
    entry5.o(.ARM.Collect$$$$00000004) refers to init.o(.text) for __scatterload
    entry9a.o(.ARM.Collect$$$$0000000B) refers to main.o(.text) for main
    entry9b.o(.ARM.Collect$$$$0000000C) refers to main.o(.text) for main
    uldiv.o(.text) refers to llushr.o(.text) for __aeabi_llsr
    uldiv.o(.text) refers to llshl.o(.text) for __aeabi_llsl
    errno.o(i.__aeabi_errno_addr) refers to errno.o(.data) for .data
    errno.o(i.__read_errno) refers to errno.o(.data) for .data
    errno.o(i.__set_errno) refers to errno.o(.data) for .data
    strtol.o(.text) refers to ctype_o.o(.text) for __rt_ctype_table
    strtol.o(.text) refers to _strtoul.o(.text) for _strtoul
    strtol.o(.text) refers to errno.o(i.__aeabi_errno_addr) for __aeabi_errno_addr
    depilogue.o(.text) refers to llshl.o(.text) for __aeabi_llsl
    depilogue.o(.text) refers to llushr.o(.text) for __aeabi_llsr
    dadd.o(.text) refers to llshl.o(.text) for __aeabi_llsl
    dadd.o(.text) refers to llsshr.o(.text) for __aeabi_lasr
    dadd.o(.text) refers to depilogue.o(.text) for _double_epilogue
    dsqrt.o(.text) refers to llushr.o(.text) for __aeabi_llsr
    dsqrt.o(.text) refers to depilogue.o(.text) for _double_round
    dfixul.o(.text) refers to llushr.o(.text) for __aeabi_llsr
    dfixul.o(.text) refers to llshl.o(.text) for __aeabi_llsl
    init.o(.text) refers to entry5.o(.ARM.Collect$$$$00000004) for __main_after_scatterload
    ctype_o.o(.text) refers to ctype_o.o(.constdata) for .constdata
    ctype_o.o(.constdata) refers to ctype_o.o(.constdata) for __ctype_table
    isalnum_o.o(.text) refers to ctype_o.o(.text) for __rt_ctype_table
    isalpha_o.o(.text) refers to ctype_o.o(.text) for __rt_ctype_table
    isblank_o.o(.text) refers to ctype_o.o(.constdata) for __ctype_table
    iscntrl_o.o(.text) refers to ctype_o.o(.text) for __rt_ctype_table
    isdigit_o.o(.text) refers to ctype_o.o(.text) for __rt_ctype_table
    isgraph_o.o(.text) refers to ctype_o.o(.text) for __rt_ctype_table
    islower_o.o(.text) refers to ctype_o.o(.text) for __rt_ctype_table
    isprint_o.o(.text) refers to ctype_o.o(.text) for __rt_ctype_table
    ispunct_o.o(.text) refers to ctype_o.o(.text) for __rt_ctype_table
    isspace_o.o(.text) refers to ctype_o.o(.text) for __rt_ctype_table
    isupper_o.o(.text) refers to ctype_o.o(.text) for __rt_ctype_table
    isxdigit_o.o(.text) refers to ctype_o.o(.text) for __rt_ctype_table
    _strtoul.o(.text) refers to _chval.o(.text) for _chval
    _strtoul.o(.text) refers to errno.o(i.__aeabi_errno_addr) for __aeabi_errno_addr


==============================================================================

Removing Unused input sections from the image.

    Removing startup_stm32f10x_hd.o(HEAP), (512 bytes).
    Removing core_cm3.o(.emb_text), (32 bytes).
    Removing stm32f10x_adc.o(.text), (1102 bytes).
    Removing stm32f10x_bkp.o(.text), (196 bytes).
    Removing stm32f10x_can.o(.text), (2544 bytes).
    Removing stm32f10x_cec.o(.text), (288 bytes).
    Removing stm32f10x_crc.o(.text), (72 bytes).
    Removing stm32f10x_dac.o(.text), (396 bytes).
    Removing stm32f10x_dbgmcu.o(.text), (48 bytes).
    Removing stm32f10x_dma.o(.text), (596 bytes).
    Removing stm32f10x_flash.o(.text), (1468 bytes).
    Removing stm32f10x_fsmc.o(.text), (1548 bytes).
    Removing stm32f10x_i2c.o(.text), (1028 bytes).
    Removing stm32f10x_iwdg.o(.text), (64 bytes).
    Removing stm32f10x_pwr.o(.text), (204 bytes).
    Removing stm32f10x_rtc.o(.text), (328 bytes).
    Removing stm32f10x_sdio.o(.text), (468 bytes).
    Removing stm32f10x_spi.o(.text), (780 bytes).
    Removing stm32f10x_wwdg.o(.text), (136 bytes).
    Removing test.o(.bss), (1500 bytes).
    Removing cdcmple.o(.text), (48 bytes).

21 unused section(s) (total 13358 bytes) removed from the image.

==============================================================================

Image Symbol Table

    Local Symbols

    Symbol Name                              Value     Ov Type        Size  Object(Section)

    ../clib/microlib/ctype/ctype.c           0x00000000   Number         0  isprint_o.o ABSOLUTE
    ../clib/microlib/ctype/ctype.c           0x00000000   Number         0  isxdigit_o.o ABSOLUTE
    ../clib/microlib/ctype/ctype.c           0x00000000   Number         0  isupper_o.o ABSOLUTE
    ../clib/microlib/ctype/ctype.c           0x00000000   Number         0  isspace_o.o ABSOLUTE
    ../clib/microlib/ctype/ctype.c           0x00000000   Number         0  ispunct_o.o ABSOLUTE
    ../clib/microlib/ctype/ctype.c           0x00000000   Number         0  islower_o.o ABSOLUTE
    ../clib/microlib/ctype/ctype.c           0x00000000   Number         0  isgraph_o.o ABSOLUTE
    ../clib/microlib/ctype/ctype.c           0x00000000   Number         0  isdigit_o.o ABSOLUTE
    ../clib/microlib/ctype/ctype.c           0x00000000   Number         0  iscntrl_o.o ABSOLUTE
    ../clib/microlib/ctype/ctype.c           0x00000000   Number         0  isblank_o.o ABSOLUTE
    ../clib/microlib/ctype/ctype.c           0x00000000   Number         0  isalpha_o.o ABSOLUTE
    ../clib/microlib/ctype/ctype.c           0x00000000   Number         0  isalnum_o.o ABSOLUTE
    ../clib/microlib/ctype/ctype.c           0x00000000   Number         0  ctype_o.o ABSOLUTE
    ../clib/microlib/division.c              0x00000000   Number         0  uldiv.o ABSOLUTE
    ../clib/microlib/division.c              0x00000000   Number         0  uidiv.o ABSOLUTE
    ../clib/microlib/errno.c                 0x00000000   Number         0  errno.o ABSOLUTE
    ../clib/microlib/init/entry.s            0x00000000   Number         0  entry9b.o ABSOLUTE
    ../clib/microlib/init/entry.s            0x00000000   Number         0  entry10a.o ABSOLUTE
    ../clib/microlib/init/entry.s            0x00000000   Number         0  entry10b.o ABSOLUTE
    ../clib/microlib/init/entry.s            0x00000000   Number         0  entry11a.o ABSOLUTE
    ../clib/microlib/init/entry.s            0x00000000   Number         0  entry11b.o ABSOLUTE
    ../clib/microlib/init/entry.s            0x00000000   Number         0  entry9a.o ABSOLUTE
    ../clib/microlib/init/entry.s            0x00000000   Number         0  entry8b.o ABSOLUTE
    ../clib/microlib/init/entry.s            0x00000000   Number         0  entry8a.o ABSOLUTE
    ../clib/microlib/init/entry.s            0x00000000   Number         0  entry7b.o ABSOLUTE
    ../clib/microlib/init/entry.s            0x00000000   Number         0  entry7a.o ABSOLUTE
    ../clib/microlib/init/entry.s            0x00000000   Number         0  entry5.o ABSOLUTE
    ../clib/microlib/init/entry.s            0x00000000   Number         0  entry2.o ABSOLUTE
    ../clib/microlib/init/entry.s            0x00000000   Number         0  entry.o ABSOLUTE
    ../clib/microlib/longlong.c              0x00000000   Number         0  llshl.o ABSOLUTE
    ../clib/microlib/longlong.c              0x00000000   Number         0  llushr.o ABSOLUTE
    ../clib/microlib/longlong.c              0x00000000   Number         0  llsshr.o ABSOLUTE
    ../clib/microlib/printf/printf.c         0x00000000   Number         0  printf7.o ABSOLUTE
    ../clib/microlib/printf/printf.c         0x00000000   Number         0  printfb.o ABSOLUTE
    ../clib/microlib/printf/printf.c         0x00000000   Number         0  printf2.o ABSOLUTE
    ../clib/microlib/printf/printf.c         0x00000000   Number         0  printf1.o ABSOLUTE
    ../clib/microlib/printf/printf.c         0x00000000   Number         0  printfa.o ABSOLUTE
    ../clib/microlib/printf/printf.c         0x00000000   Number         0  printf8.o ABSOLUTE
    ../clib/microlib/printf/printf.c         0x00000000   Number         0  printf6.o ABSOLUTE
    ../clib/microlib/printf/printf.c         0x00000000   Number         0  printf0.o ABSOLUTE
    ../clib/microlib/printf/printf.c         0x00000000   Number         0  printf5.o ABSOLUTE
    ../clib/microlib/printf/printf.c         0x00000000   Number         0  printf4.o ABSOLUTE
    ../clib/microlib/printf/printf.c         0x00000000   Number         0  printf3.o ABSOLUTE
    ../clib/microlib/printf/stubs.s          0x00000000   Number         0  stubs.o ABSOLUTE
    ../clib/microlib/stdio/streams.c         0x00000000   Number         0  stdout.o ABSOLUTE
    ../clib/microlib/string/memset.c         0x00000000   Number         0  memseta.o ABSOLUTE
    ../clib/microlib/string/strcmp.c         0x00000000   Number         0  strcmp.o ABSOLUTE
    ../clib/microlib/string/strcpy.c         0x00000000   Number         0  strcpy.o ABSOLUTE
    ../clib/microlib/string/strstr.c         0x00000000   Number         0  strstr.o ABSOLUTE
    ../clib/microlib/stubs.s                 0x00000000   Number         0  iusefp.o ABSOLUTE
    ../clib/scanf.c                          0x00000000   Number         0  atoi.o ABSOLUTE
    ../clib/scanf.c                          0x00000000   Number         0  _chval.o ABSOLUTE
    ../clib/scanf.c                          0x00000000   Number         0  strtol.o ABSOLUTE
    ../clib/scanf.c                          0x00000000   Number         0  _strtoul.o ABSOLUTE
    ../fplib/microlib/fpadd.c                0x00000000   Number         0  dadd.o ABSOLUTE
    ../fplib/microlib/fpdiv.c                0x00000000   Number         0  ddiv.o ABSOLUTE
    ../fplib/microlib/fpepilogue.c           0x00000000   Number         0  depilogue.o ABSOLUTE
    ../fplib/microlib/fpfix.c                0x00000000   Number         0  dfixui.o ABSOLUTE
    ../fplib/microlib/fpfix.c                0x00000000   Number         0  dfixul.o ABSOLUTE
    ../fplib/microlib/fpflt.c                0x00000000   Number         0  dflti.o ABSOLUTE
    ../fplib/microlib/fpflt.c                0x00000000   Number         0  dfltui.o ABSOLUTE
    ../fplib/microlib/fpmul.c                0x00000000   Number         0  dmul.o ABSOLUTE
    ../fplib/microlib/fpsqrt.c               0x00000000   Number         0  dsqrt.o ABSOLUTE
    ../mathlib/sqrt.c                        0x00000000   Number         0  sqrt_x.o ABSOLUTE
    ../mathlib/sqrt.c                        0x00000000   Number         0  sqrt.o ABSOLUTE
    ..\..\Libraries\CMSIS\core_cm3.c         0x00000000   Number         0  core_cm3.o ABSOLUTE
    ..\..\Libraries\CMSIS\startup\startup_stm32f10x_hd.s 0x00000000   Number         0  startup_stm32f10x_hd.o ABSOLUTE
    ..\..\Libraries\CMSIS\system_stm32f10x.c 0x00000000   Number         0  system_stm32f10x.o ABSOLUTE
    ..\..\Libraries\FWlib\src\misc.c         0x00000000   Number         0  misc.o ABSOLUTE
    ..\..\Libraries\FWlib\src\stm32f10x_adc.c 0x00000000   Number         0  stm32f10x_adc.o ABSOLUTE
    ..\..\Libraries\FWlib\src\stm32f10x_bkp.c 0x00000000   Number         0  stm32f10x_bkp.o ABSOLUTE
    ..\..\Libraries\FWlib\src\stm32f10x_can.c 0x00000000   Number         0  stm32f10x_can.o ABSOLUTE
    ..\..\Libraries\FWlib\src\stm32f10x_cec.c 0x00000000   Number         0  stm32f10x_cec.o ABSOLUTE
    ..\..\Libraries\FWlib\src\stm32f10x_crc.c 0x00000000   Number         0  stm32f10x_crc.o ABSOLUTE
    ..\..\Libraries\FWlib\src\stm32f10x_dac.c 0x00000000   Number         0  stm32f10x_dac.o ABSOLUTE
    ..\..\Libraries\FWlib\src\stm32f10x_dbgmcu.c 0x00000000   Number         0  stm32f10x_dbgmcu.o ABSOLUTE
    ..\..\Libraries\FWlib\src\stm32f10x_dma.c 0x00000000   Number         0  stm32f10x_dma.o ABSOLUTE
    ..\..\Libraries\FWlib\src\stm32f10x_exti.c 0x00000000   Number         0  stm32f10x_exti.o ABSOLUTE
    ..\..\Libraries\FWlib\src\stm32f10x_flash.c 0x00000000   Number         0  stm32f10x_flash.o ABSOLUTE
    ..\..\Libraries\FWlib\src\stm32f10x_fsmc.c 0x00000000   Number         0  stm32f10x_fsmc.o ABSOLUTE
    ..\..\Libraries\FWlib\src\stm32f10x_gpio.c 0x00000000   Number         0  stm32f10x_gpio.o ABSOLUTE
    ..\..\Libraries\FWlib\src\stm32f10x_i2c.c 0x00000000   Number         0  stm32f10x_i2c.o ABSOLUTE
    ..\..\Libraries\FWlib\src\stm32f10x_iwdg.c 0x00000000   Number         0  stm32f10x_iwdg.o ABSOLUTE
    ..\..\Libraries\FWlib\src\stm32f10x_pwr.c 0x00000000   Number         0  stm32f10x_pwr.o ABSOLUTE
    ..\..\Libraries\FWlib\src\stm32f10x_rcc.c 0x00000000   Number         0  stm32f10x_rcc.o ABSOLUTE
    ..\..\Libraries\FWlib\src\stm32f10x_rtc.c 0x00000000   Number         0  stm32f10x_rtc.o ABSOLUTE
    ..\..\Libraries\FWlib\src\stm32f10x_sdio.c 0x00000000   Number         0  stm32f10x_sdio.o ABSOLUTE
    ..\..\Libraries\FWlib\src\stm32f10x_spi.c 0x00000000   Number         0  stm32f10x_spi.o ABSOLUTE
    ..\..\Libraries\FWlib\src\stm32f10x_tim.c 0x00000000   Number         0  stm32f10x_tim.o ABSOLUTE
    ..\..\Libraries\FWlib\src\stm32f10x_usart.c 0x00000000   Number         0  stm32f10x_usart.o ABSOLUTE
    ..\..\Libraries\FWlib\src\stm32f10x_wwdg.c 0x00000000   Number         0  stm32f10x_wwdg.o ABSOLUTE
    ..\..\User\Common\Common.c               0x00000000   Number         0  common.o ABSOLUTE
    ..\..\User\ESP8266\bsp_esp8266.c         0x00000000   Number         0  bsp_esp8266.o ABSOLUTE
    ..\..\User\Key\bsp_exti.c                0x00000000   Number         0  bsp_exti.o ABSOLUTE
    ..\..\User\SMD\MicroStepDriver.c         0x00000000   Number         0  microstepdriver.o ABSOLUTE
    ..\..\User\SMD\SMD_test.c                0x00000000   Number         0  smd_test.o ABSOLUTE
    ..\..\User\SysTick\bsp_SysTick.c         0x00000000   Number         0  bsp_systick.o ABSOLUTE
    ..\..\User\Test\test.c                   0x00000000   Number         0  test.o ABSOLUTE
    ..\..\User\dht11\bsp_dht11.c             0x00000000   Number         0  bsp_dht11.o ABSOLUTE
    ..\..\User\led\bsp_led.c                 0x00000000   Number         0  bsp_led.o ABSOLUTE
    ..\..\User\main.c                        0x00000000   Number         0  main.o ABSOLUTE
    ..\..\User\stm32f10x_it.c                0x00000000   Number         0  stm32f10x_it.o ABSOLUTE
    ..\..\User\usart\bsp_usart1.c            0x00000000   Number         0  bsp_usart1.o ABSOLUTE
    ..\\..\\Libraries\\CMSIS\\core_cm3.c     0x00000000   Number         0  core_cm3.o ABSOLUTE
    cdcmple.s                                0x00000000   Number         0  cdcmple.o ABSOLUTE
    cdrcmple.s                               0x00000000   Number         0  cdrcmple.o ABSOLUTE
    dc.s                                     0x00000000   Number         0  dc.o ABSOLUTE
    handlers.s                               0x00000000   Number         0  handlers.o ABSOLUTE
    init.s                                   0x00000000   Number         0  init.o ABSOLUTE
    RESET                                    0x08000000   Section      304  startup_stm32f10x_hd.o(RESET)
    .ARM.Collect$$$$00000000                 0x08000130   Section        0  entry.o(.ARM.Collect$$$$00000000)
    .ARM.Collect$$$$00000001                 0x08000130   Section        4  entry2.o(.ARM.Collect$$$$00000001)
    .ARM.Collect$$$$00000004                 0x08000134   Section        4  entry5.o(.ARM.Collect$$$$00000004)
    .ARM.Collect$$$$00000008                 0x08000138   Section        0  entry7b.o(.ARM.Collect$$$$00000008)
    .ARM.Collect$$$$0000000A                 0x08000138   Section        0  entry8b.o(.ARM.Collect$$$$0000000A)
    .ARM.Collect$$$$0000000B                 0x08000138   Section        8  entry9a.o(.ARM.Collect$$$$0000000B)
    .ARM.Collect$$$$0000000D                 0x08000140   Section        0  entry10a.o(.ARM.Collect$$$$0000000D)
    .ARM.Collect$$$$0000000F                 0x08000140   Section        0  entry11a.o(.ARM.Collect$$$$0000000F)
    .ARM.Collect$$$$00002712                 0x08000140   Section        4  entry2.o(.ARM.Collect$$$$00002712)
    __lit__00000000                          0x08000140   Data           4  entry2.o(.ARM.Collect$$$$00002712)
    .text                                    0x08000144   Section       36  startup_stm32f10x_hd.o(.text)
    .text                                    0x08000168   Section        0  system_stm32f10x.o(.text)
    SetSysClockTo72                          0x08000169   Thumb Code   214  system_stm32f10x.o(.text)
    SetSysClock                              0x0800023f   Thumb Code     8  system_stm32f10x.o(.text)
    .text                                    0x08000348   Section        0  misc.o(.text)
    .text                                    0x08000424   Section        0  stm32f10x_exti.o(.text)
    .text                                    0x08000540   Section        0  stm32f10x_gpio.o(.text)
    .text                                    0x0800089c   Section        0  stm32f10x_rcc.o(.text)
    .text                                    0x08000c40   Section        0  stm32f10x_tim.o(.text)
    TI4_Config                               0x080010e7   Thumb Code   130  stm32f10x_tim.o(.text)
    TI3_Config                               0x0800117b   Thumb Code   122  stm32f10x_tim.o(.text)
    TI2_Config                               0x0800120f   Thumb Code   130  stm32f10x_tim.o(.text)
    TI1_Config                               0x080012a3   Thumb Code   108  stm32f10x_tim.o(.text)
    .text                                    0x08001a5c   Section        0  stm32f10x_usart.o(.text)
    .text                                    0x08001e64   Section        0  main.o(.text)
    .text                                    0x08001eb8   Section        0  stm32f10x_it.o(.text)
    .text                                    0x08001f78   Section        0  bsp_usart1.o(.text)
    .text                                    0x08002034   Section        0  bsp_systick.o(.text)
    .text                                    0x080020e8   Section        0  bsp_esp8266.o(.text)
    ESP8266_USART_NVIC_Configuration         0x080020e9   Thumb Code    40  bsp_esp8266.o(.text)
    ESP8266_USART_Config                     0x08002111   Thumb Code   148  bsp_esp8266.o(.text)
    ESP8266_GPIO_Config                      0x080021a5   Thumb Code    64  bsp_esp8266.o(.text)
    .text                                    0x080028b8   Section        0  common.o(.text)
    itoa                                     0x080028b9   Thumb Code    98  common.o(.text)
    .text                                    0x08002a20   Section        0  bsp_dht11.o(.text)
    DHT11_GPIO_Config                        0x08002a21   Thumb Code    38  bsp_dht11.o(.text)
    DHT11_Mode_IPU                           0x08002a57   Thumb Code    24  bsp_dht11.o(.text)
    DHT11_Mode_Out_PP                        0x08002a6f   Thumb Code    30  bsp_dht11.o(.text)
    DHT11_ReadByte                           0x08002a8d   Thumb Code    90  bsp_dht11.o(.text)
    .text                                    0x08002b88   Section        0  test.o(.text)
    .text                                    0x08002e74   Section        0  bsp_led.o(.text)
    .text                                    0x08002ea8   Section        0  microstepdriver.o(.text)
    TIM_NVIC_Config                          0x08002ea9   Thumb Code    40  microstepdriver.o(.text)
    SMD_GPIO_Config                          0x08002ed1   Thumb Code   130  microstepdriver.o(.text)
    TIM_Mode_Config                          0x08002f53   Thumb Code   150  microstepdriver.o(.text)
    .text                                    0x08003460   Section        0  smd_test.o(.text)
    .text                                    0x08003afc   Section        0  bsp_exti.o(.text)
    NVIC_Configuration                       0x08003afd   Thumb Code    50  bsp_exti.o(.text)
    .text                                    0x08003bbc   Section        0  memseta.o(.text)
    .text                                    0x08003be0   Section        0  strstr.o(.text)
    .text                                    0x08003c04   Section        0  strcmp.o(.text)
    .text                                    0x08003c20   Section        0  strcpy.o(.text)
    .text                                    0x08003c32   Section        0  atoi.o(.text)
    .text                                    0x08003c4c   Section        0  dmul.o(.text)
    .text                                    0x08003d30   Section        0  ddiv.o(.text)
    .text                                    0x08003e0e   Section        0  dflti.o(.text)
    .text                                    0x08003e30   Section        0  dfltui.o(.text)
    .text                                    0x08003e4a   Section        0  dfixui.o(.text)
    .text                                    0x08003e7c   Section        0  uidiv.o(.text)
    .text                                    0x08003ea8   Section        0  uldiv.o(.text)
    .text                                    0x08003f0a   Section        0  llushr.o(.text)
    .text                                    0x08003f2a   Section        0  strtol.o(.text)
    .text                                    0x08003f9a   Section        0  iusefp.o(.text)
    .text                                    0x08003f9a   Section        0  depilogue.o(.text)
    .text                                    0x08004054   Section        0  dadd.o(.text)
    .text                                    0x080041a2   Section        0  dsqrt.o(.text)
    .text                                    0x08004244   Section        0  dfixul.o(.text)
    .text                                    0x08004274   Section       48  cdrcmple.o(.text)
    .text                                    0x080042a4   Section       36  init.o(.text)
    .text                                    0x080042c8   Section        0  llshl.o(.text)
    .text                                    0x080042e6   Section        0  llsshr.o(.text)
    .text                                    0x0800430c   Section        0  ctype_o.o(.text)
    .text                                    0x08004314   Section        0  _strtoul.o(.text)
    .text                                    0x080043b2   Section        0  _chval.o(.text)
    i.__0printf                              0x080043d0   Section        0  printfa.o(i.__0printf)
    i.__0sprintf                             0x080043f0   Section        0  printfa.o(i.__0sprintf)
    i.__aeabi_errno_addr                     0x08004418   Section        0  errno.o(i.__aeabi_errno_addr)
    i.__scatterload_copy                     0x08004420   Section       14  handlers.o(i.__scatterload_copy)
    i.__scatterload_null                     0x0800442e   Section        2  handlers.o(i.__scatterload_null)
    i.__scatterload_zeroinit                 0x08004430   Section       14  handlers.o(i.__scatterload_zeroinit)
    i.__set_errno                            0x08004440   Section        0  errno.o(i.__set_errno)
    i._fp_digits                             0x0800444c   Section        0  printfa.o(i._fp_digits)
    _fp_digits                               0x0800444d   Thumb Code   334  printfa.o(i._fp_digits)
    i._printf_core                           0x080045b0   Section        0  printfa.o(i._printf_core)
    _printf_core                             0x080045b1   Thumb Code  1744  printfa.o(i._printf_core)
    i._printf_post_padding                   0x08004c8c   Section        0  printfa.o(i._printf_post_padding)
    _printf_post_padding                     0x08004c8d   Thumb Code    36  printfa.o(i._printf_post_padding)
    i._printf_pre_padding                    0x08004cb0   Section        0  printfa.o(i._printf_pre_padding)
    _printf_pre_padding                      0x08004cb1   Thumb Code    46  printfa.o(i._printf_pre_padding)
    i._sputc                                 0x08004cde   Section        0  printfa.o(i._sputc)
    _sputc                                   0x08004cdf   Thumb Code    10  printfa.o(i._sputc)
    i.sqrt                                   0x08004ce8   Section        0  sqrt.o(i.sqrt)
    .constdata                               0x08004d34   Section      129  ctype_o.o(.constdata)
    .constdata                               0x08004db8   Section        4  ctype_o.o(.constdata)
    table                                    0x08004db8   Data           4  ctype_o.o(.constdata)
    .conststring                             0x08004dbc   Section       60  test.o(.conststring)
    .conststring                             0x08004df8   Section      143  microstepdriver.o(.conststring)
    .conststring                             0x08004e88   Section      495  smd_test.o(.conststring)
    .data                                    0x20000000   Section       20  system_stm32f10x.o(.data)
    .data                                    0x20000014   Section       20  stm32f10x_rcc.o(.data)
    APBAHBPrescTable                         0x20000014   Data          16  stm32f10x_rcc.o(.data)
    ADCPrescTable                            0x20000024   Data           4  stm32f10x_rcc.o(.data)
    .data                                    0x20000028   Section        4  bsp_systick.o(.data)
    TimingDelay                              0x20000028   Data           4  bsp_systick.o(.data)
    .data                                    0x2000002c   Section       29  test.o(.data)
    .data                                    0x2000004c   Section       20  microstepdriver.o(.data)
    last_accel_delay                         0x20000054   Data           4  microstepdriver.o(.data)
    step_count                               0x20000058   Data           4  microstepdriver.o(.data)
    rest                                     0x2000005c   Data           4  microstepdriver.o(.data)
    .data                                    0x20000060   Section       20  smd_test.o(.data)
    showflag                                 0x20000060   Data           1  smd_test.o(.data)
    steps                                    0x20000064   Data           4  smd_test.o(.data)
    acceleration                             0x20000068   Data           4  smd_test.o(.data)
    deceleration                             0x2000006c   Data           4  smd_test.o(.data)
    speed                                    0x20000070   Data           4  smd_test.o(.data)
    .data                                    0x20000074   Section        4  stdout.o(.data)
    .data                                    0x20000078   Section        4  errno.o(.data)
    _errno                                   0x20000078   Data           4  errno.o(.data)
    .bss                                     0x2000007c   Section     1026  bsp_esp8266.o(.bss)
    .bss                                     0x20000480   Section       24  microstepdriver.o(.bss)
    STACK                                    0x20000498   Section     1024  startup_stm32f10x_hd.o(STACK)

    Global Symbols

    Symbol Name                              Value     Ov Type        Size  Object(Section)

    BuildAttributes$$THM_ISAv4$P$D$K$B$S$PE$A:L22UL41UL21$X:L11$S22US41US21$IEEE1$IW$USESV6$~STKCKD$USESV7$~SHL$OTIME$ROPI$IEEEJ$EBA8$MICROLIB$REQ8$PRES8$EABIv2 0x00000000   Number         0  anon$$obj.o ABSOLUTE
    __ARM_use_no_argv                        0x00000000   Number         0  main.o ABSOLUTE
    _printf_a                                0x00000000   Number         0  stubs.o ABSOLUTE
    _printf_c                                0x00000000   Number         0  stubs.o ABSOLUTE
    _printf_charcount                        0x00000000   Number         0  stubs.o ABSOLUTE
    _printf_d                                0x00000000   Number         0  stubs.o ABSOLUTE
    _printf_e                                0x00000000   Number         0  stubs.o ABSOLUTE
    _printf_f                                0x00000000   Number         0  stubs.o ABSOLUTE
    _printf_flags                            0x00000000   Number         0  stubs.o ABSOLUTE
    _printf_fp_dec                           0x00000000   Number         0  stubs.o ABSOLUTE
    _printf_fp_hex                           0x00000000   Number         0  stubs.o ABSOLUTE
    _printf_g                                0x00000000   Number         0  stubs.o ABSOLUTE
    _printf_i                                0x00000000   Number         0  stubs.o ABSOLUTE
    _printf_int_dec                          0x00000000   Number         0  stubs.o ABSOLUTE
    _printf_l                                0x00000000   Number         0  stubs.o ABSOLUTE
    _printf_lc                               0x00000000   Number         0  stubs.o ABSOLUTE
    _printf_ll                               0x00000000   Number         0  stubs.o ABSOLUTE
    _printf_lld                              0x00000000   Number         0  stubs.o ABSOLUTE
    _printf_lli                              0x00000000   Number         0  stubs.o ABSOLUTE
    _printf_llo                              0x00000000   Number         0  stubs.o ABSOLUTE
    _printf_llu                              0x00000000   Number         0  stubs.o ABSOLUTE
    _printf_llx                              0x00000000   Number         0  stubs.o ABSOLUTE
    _printf_longlong_dec                     0x00000000   Number         0  stubs.o ABSOLUTE
    _printf_longlong_hex                     0x00000000   Number         0  stubs.o ABSOLUTE
    _printf_longlong_oct                     0x00000000   Number         0  stubs.o ABSOLUTE
    _printf_ls                               0x00000000   Number         0  stubs.o ABSOLUTE
    _printf_mbtowc                           0x00000000   Number         0  stubs.o ABSOLUTE
    _printf_n                                0x00000000   Number         0  stubs.o ABSOLUTE
    _printf_o                                0x00000000   Number         0  stubs.o ABSOLUTE
    _printf_p                                0x00000000   Number         0  stubs.o ABSOLUTE
    _printf_percent                          0x00000000   Number         0  stubs.o ABSOLUTE
    _printf_pre_padding                      0x00000000   Number         0  stubs.o ABSOLUTE
    _printf_return_value                     0x00000000   Number         0  stubs.o ABSOLUTE
    _printf_s                                0x00000000   Number         0  stubs.o ABSOLUTE
    _printf_sizespec                         0x00000000   Number         0  stubs.o ABSOLUTE
    _printf_str                              0x00000000   Number         0  stubs.o ABSOLUTE
    _printf_truncate_signed                  0x00000000   Number         0  stubs.o ABSOLUTE
    _printf_truncate_unsigned                0x00000000   Number         0  stubs.o ABSOLUTE
    _printf_u                                0x00000000   Number         0  stubs.o ABSOLUTE
    _printf_wc                               0x00000000   Number         0  stubs.o ABSOLUTE
    _printf_wctomb                           0x00000000   Number         0  stubs.o ABSOLUTE
    _printf_widthprec                        0x00000000   Number         0  stubs.o ABSOLUTE
    _printf_x                                0x00000000   Number         0  stubs.o ABSOLUTE
    __cpp_initialize__aeabi_                  - Undefined Weak Reference
    __cxa_finalize                            - Undefined Weak Reference
    __decompress                              - Undefined Weak Reference
    _clock_init                               - Undefined Weak Reference
    _microlib_exit                            - Undefined Weak Reference
    __Vectors_Size                           0x00000130   Number         0  startup_stm32f10x_hd.o ABSOLUTE
    __Vectors                                0x08000000   Data           4  startup_stm32f10x_hd.o(RESET)
    __Vectors_End                            0x08000130   Data           0  startup_stm32f10x_hd.o(RESET)
    __main                                   0x08000131   Thumb Code     0  entry.o(.ARM.Collect$$$$00000000)
    _main_stk                                0x08000131   Thumb Code     0  entry2.o(.ARM.Collect$$$$00000001)
    _main_scatterload                        0x08000135   Thumb Code     0  entry5.o(.ARM.Collect$$$$00000004)
    __main_after_scatterload                 0x08000139   Thumb Code     0  entry5.o(.ARM.Collect$$$$00000004)
    _main_clock                              0x08000139   Thumb Code     0  entry7b.o(.ARM.Collect$$$$00000008)
    _main_cpp_init                           0x08000139   Thumb Code     0  entry8b.o(.ARM.Collect$$$$0000000A)
    _main_init                               0x08000139   Thumb Code     0  entry9a.o(.ARM.Collect$$$$0000000B)
    __rt_final_cpp                           0x08000141   Thumb Code     0  entry10a.o(.ARM.Collect$$$$0000000D)
    __rt_final_exit                          0x08000141   Thumb Code     0  entry11a.o(.ARM.Collect$$$$0000000F)
    Reset_Handler                            0x08000145   Thumb Code     8  startup_stm32f10x_hd.o(.text)
    ADC1_2_IRQHandler                        0x0800015f   Thumb Code     0  startup_stm32f10x_hd.o(.text)
    ADC3_IRQHandler                          0x0800015f   Thumb Code     0  startup_stm32f10x_hd.o(.text)
    CAN1_RX1_IRQHandler                      0x0800015f   Thumb Code     0  startup_stm32f10x_hd.o(.text)
    CAN1_SCE_IRQHandler                      0x0800015f   Thumb Code     0  startup_stm32f10x_hd.o(.text)
    DMA1_Channel1_IRQHandler                 0x0800015f   Thumb Code     0  startup_stm32f10x_hd.o(.text)
    DMA1_Channel2_IRQHandler                 0x0800015f   Thumb Code     0  startup_stm32f10x_hd.o(.text)
    DMA1_Channel3_IRQHandler                 0x0800015f   Thumb Code     0  startup_stm32f10x_hd.o(.text)
    DMA1_Channel4_IRQHandler                 0x0800015f   Thumb Code     0  startup_stm32f10x_hd.o(.text)
    DMA1_Channel5_IRQHandler                 0x0800015f   Thumb Code     0  startup_stm32f10x_hd.o(.text)
    DMA1_Channel6_IRQHandler                 0x0800015f   Thumb Code     0  startup_stm32f10x_hd.o(.text)
    DMA1_Channel7_IRQHandler                 0x0800015f   Thumb Code     0  startup_stm32f10x_hd.o(.text)
    DMA2_Channel1_IRQHandler                 0x0800015f   Thumb Code     0  startup_stm32f10x_hd.o(.text)
    DMA2_Channel2_IRQHandler                 0x0800015f   Thumb Code     0  startup_stm32f10x_hd.o(.text)
    DMA2_Channel3_IRQHandler                 0x0800015f   Thumb Code     0  startup_stm32f10x_hd.o(.text)
    DMA2_Channel4_5_IRQHandler               0x0800015f   Thumb Code     0  startup_stm32f10x_hd.o(.text)
    EXTI0_IRQHandler                         0x0800015f   Thumb Code     0  startup_stm32f10x_hd.o(.text)
    EXTI15_10_IRQHandler                     0x0800015f   Thumb Code     0  startup_stm32f10x_hd.o(.text)
    EXTI1_IRQHandler                         0x0800015f   Thumb Code     0  startup_stm32f10x_hd.o(.text)
    EXTI2_IRQHandler                         0x0800015f   Thumb Code     0  startup_stm32f10x_hd.o(.text)
    EXTI3_IRQHandler                         0x0800015f   Thumb Code     0  startup_stm32f10x_hd.o(.text)
    EXTI4_IRQHandler                         0x0800015f   Thumb Code     0  startup_stm32f10x_hd.o(.text)
    EXTI9_5_IRQHandler                       0x0800015f   Thumb Code     0  startup_stm32f10x_hd.o(.text)
    FLASH_IRQHandler                         0x0800015f   Thumb Code     0  startup_stm32f10x_hd.o(.text)
    FSMC_IRQHandler                          0x0800015f   Thumb Code     0  startup_stm32f10x_hd.o(.text)
    I2C1_ER_IRQHandler                       0x0800015f   Thumb Code     0  startup_stm32f10x_hd.o(.text)
    I2C1_EV_IRQHandler                       0x0800015f   Thumb Code     0  startup_stm32f10x_hd.o(.text)
    I2C2_ER_IRQHandler                       0x0800015f   Thumb Code     0  startup_stm32f10x_hd.o(.text)
    I2C2_EV_IRQHandler                       0x0800015f   Thumb Code     0  startup_stm32f10x_hd.o(.text)
    PVD_IRQHandler                           0x0800015f   Thumb Code     0  startup_stm32f10x_hd.o(.text)
    RCC_IRQHandler                           0x0800015f   Thumb Code     0  startup_stm32f10x_hd.o(.text)
    RTCAlarm_IRQHandler                      0x0800015f   Thumb Code     0  startup_stm32f10x_hd.o(.text)
    RTC_IRQHandler                           0x0800015f   Thumb Code     0  startup_stm32f10x_hd.o(.text)
    SDIO_IRQHandler                          0x0800015f   Thumb Code     0  startup_stm32f10x_hd.o(.text)
    SPI1_IRQHandler                          0x0800015f   Thumb Code     0  startup_stm32f10x_hd.o(.text)
    SPI2_IRQHandler                          0x0800015f   Thumb Code     0  startup_stm32f10x_hd.o(.text)
    SPI3_IRQHandler                          0x0800015f   Thumb Code     0  startup_stm32f10x_hd.o(.text)
    TAMPER_IRQHandler                        0x0800015f   Thumb Code     0  startup_stm32f10x_hd.o(.text)
    TIM1_BRK_IRQHandler                      0x0800015f   Thumb Code     0  startup_stm32f10x_hd.o(.text)
    TIM1_CC_IRQHandler                       0x0800015f   Thumb Code     0  startup_stm32f10x_hd.o(.text)
    TIM1_TRG_COM_IRQHandler                  0x0800015f   Thumb Code     0  startup_stm32f10x_hd.o(.text)
    TIM1_UP_IRQHandler                       0x0800015f   Thumb Code     0  startup_stm32f10x_hd.o(.text)
    TIM3_IRQHandler                          0x0800015f   Thumb Code     0  startup_stm32f10x_hd.o(.text)
    TIM4_IRQHandler                          0x0800015f   Thumb Code     0  startup_stm32f10x_hd.o(.text)
    TIM5_IRQHandler                          0x0800015f   Thumb Code     0  startup_stm32f10x_hd.o(.text)
    TIM6_IRQHandler                          0x0800015f   Thumb Code     0  startup_stm32f10x_hd.o(.text)
    TIM7_IRQHandler                          0x0800015f   Thumb Code     0  startup_stm32f10x_hd.o(.text)
    TIM8_BRK_IRQHandler                      0x0800015f   Thumb Code     0  startup_stm32f10x_hd.o(.text)
    TIM8_CC_IRQHandler                       0x0800015f   Thumb Code     0  startup_stm32f10x_hd.o(.text)
    TIM8_TRG_COM_IRQHandler                  0x0800015f   Thumb Code     0  startup_stm32f10x_hd.o(.text)
    TIM8_UP_IRQHandler                       0x0800015f   Thumb Code     0  startup_stm32f10x_hd.o(.text)
    UART4_IRQHandler                         0x0800015f   Thumb Code     0  startup_stm32f10x_hd.o(.text)
    UART5_IRQHandler                         0x0800015f   Thumb Code     0  startup_stm32f10x_hd.o(.text)
    USART1_IRQHandler                        0x0800015f   Thumb Code     0  startup_stm32f10x_hd.o(.text)
    USART2_IRQHandler                        0x0800015f   Thumb Code     0  startup_stm32f10x_hd.o(.text)
    USBWakeUp_IRQHandler                     0x0800015f   Thumb Code     0  startup_stm32f10x_hd.o(.text)
    USB_HP_CAN1_TX_IRQHandler                0x0800015f   Thumb Code     0  startup_stm32f10x_hd.o(.text)
    USB_LP_CAN1_RX0_IRQHandler               0x0800015f   Thumb Code     0  startup_stm32f10x_hd.o(.text)
    WWDG_IRQHandler                          0x0800015f   Thumb Code     0  startup_stm32f10x_hd.o(.text)
    SystemInit                               0x08000247   Thumb Code    78  system_stm32f10x.o(.text)
    SystemCoreClockUpdate                    0x08000295   Thumb Code   142  system_stm32f10x.o(.text)
    NVIC_PriorityGroupConfig                 0x08000349   Thumb Code    10  misc.o(.text)
    NVIC_Init                                0x08000353   Thumb Code   100  misc.o(.text)
    NVIC_SetVectorTable                      0x080003b7   Thumb Code    14  misc.o(.text)
    NVIC_SystemLPConfig                      0x080003c5   Thumb Code    34  misc.o(.text)
    SysTick_CLKSourceConfig                  0x080003e7   Thumb Code    40  misc.o(.text)
    EXTI_DeInit                              0x08000425   Thumb Code    28  stm32f10x_exti.o(.text)
    EXTI_Init                                0x08000441   Thumb Code   142  stm32f10x_exti.o(.text)
    EXTI_StructInit                          0x080004cf   Thumb Code    16  stm32f10x_exti.o(.text)
    EXTI_GenerateSWInterrupt                 0x080004df   Thumb Code    16  stm32f10x_exti.o(.text)
    EXTI_GetFlagStatus                       0x080004ef   Thumb Code    22  stm32f10x_exti.o(.text)
    EXTI_ClearFlag                           0x08000505   Thumb Code     8  stm32f10x_exti.o(.text)
    EXTI_GetITStatus                         0x0800050d   Thumb Code    34  stm32f10x_exti.o(.text)
    EXTI_ClearITPendingBit                   0x0800052f   Thumb Code     8  stm32f10x_exti.o(.text)
    GPIO_DeInit                              0x08000541   Thumb Code   172  stm32f10x_gpio.o(.text)
    GPIO_AFIODeInit                          0x080005ed   Thumb Code    20  stm32f10x_gpio.o(.text)
    GPIO_Init                                0x08000601   Thumb Code   278  stm32f10x_gpio.o(.text)
    GPIO_StructInit                          0x08000717   Thumb Code    16  stm32f10x_gpio.o(.text)
    GPIO_ReadInputDataBit                    0x08000727   Thumb Code    18  stm32f10x_gpio.o(.text)
    GPIO_ReadInputData                       0x08000739   Thumb Code     8  stm32f10x_gpio.o(.text)
    GPIO_ReadOutputDataBit                   0x08000741   Thumb Code    18  stm32f10x_gpio.o(.text)
    GPIO_ReadOutputData                      0x08000753   Thumb Code     8  stm32f10x_gpio.o(.text)
    GPIO_SetBits                             0x0800075b   Thumb Code     4  stm32f10x_gpio.o(.text)
    GPIO_ResetBits                           0x0800075f   Thumb Code     4  stm32f10x_gpio.o(.text)
    GPIO_WriteBit                            0x08000763   Thumb Code    10  stm32f10x_gpio.o(.text)
    GPIO_Write                               0x0800076d   Thumb Code     4  stm32f10x_gpio.o(.text)
    GPIO_PinLockConfig                       0x08000771   Thumb Code    18  stm32f10x_gpio.o(.text)
    GPIO_EventOutputConfig                   0x08000783   Thumb Code    26  stm32f10x_gpio.o(.text)
    GPIO_EventOutputCmd                      0x0800079d   Thumb Code     6  stm32f10x_gpio.o(.text)
    GPIO_PinRemapConfig                      0x080007a3   Thumb Code   138  stm32f10x_gpio.o(.text)
    GPIO_EXTILineConfig                      0x0800082d   Thumb Code    66  stm32f10x_gpio.o(.text)
    GPIO_ETH_MediaInterfaceConfig            0x0800086f   Thumb Code     8  stm32f10x_gpio.o(.text)
    RCC_DeInit                               0x0800089d   Thumb Code    64  stm32f10x_rcc.o(.text)
    RCC_HSEConfig                            0x080008dd   Thumb Code    70  stm32f10x_rcc.o(.text)
    RCC_GetFlagStatus                        0x08000923   Thumb Code    56  stm32f10x_rcc.o(.text)
    RCC_WaitForHSEStartUp                    0x0800095b   Thumb Code    56  stm32f10x_rcc.o(.text)
    RCC_AdjustHSICalibrationValue            0x08000993   Thumb Code    20  stm32f10x_rcc.o(.text)
    RCC_HSICmd                               0x080009a7   Thumb Code     6  stm32f10x_rcc.o(.text)
    RCC_PLLConfig                            0x080009ad   Thumb Code    24  stm32f10x_rcc.o(.text)
    RCC_PLLCmd                               0x080009c5   Thumb Code     6  stm32f10x_rcc.o(.text)
    RCC_SYSCLKConfig                         0x080009cb   Thumb Code    18  stm32f10x_rcc.o(.text)
    RCC_GetSYSCLKSource                      0x080009dd   Thumb Code    10  stm32f10x_rcc.o(.text)
    RCC_HCLKConfig                           0x080009e7   Thumb Code    18  stm32f10x_rcc.o(.text)
    RCC_PCLK1Config                          0x080009f9   Thumb Code    18  stm32f10x_rcc.o(.text)
    RCC_PCLK2Config                          0x08000a0b   Thumb Code    20  stm32f10x_rcc.o(.text)
    RCC_ITConfig                             0x08000a1f   Thumb Code    26  stm32f10x_rcc.o(.text)
    RCC_USBCLKConfig                         0x08000a39   Thumb Code     8  stm32f10x_rcc.o(.text)
    RCC_ADCCLKConfig                         0x08000a41   Thumb Code    18  stm32f10x_rcc.o(.text)
    RCC_LSEConfig                            0x08000a53   Thumb Code    50  stm32f10x_rcc.o(.text)
    RCC_LSICmd                               0x08000a85   Thumb Code     6  stm32f10x_rcc.o(.text)
    RCC_RTCCLKConfig                         0x08000a8b   Thumb Code    12  stm32f10x_rcc.o(.text)
    RCC_RTCCLKCmd                            0x08000a97   Thumb Code     8  stm32f10x_rcc.o(.text)
    RCC_GetClocksFreq                        0x08000a9f   Thumb Code   192  stm32f10x_rcc.o(.text)
    RCC_AHBPeriphClockCmd                    0x08000b5f   Thumb Code    26  stm32f10x_rcc.o(.text)
    RCC_APB2PeriphClockCmd                   0x08000b79   Thumb Code    26  stm32f10x_rcc.o(.text)
    RCC_APB1PeriphClockCmd                   0x08000b93   Thumb Code    26  stm32f10x_rcc.o(.text)
    RCC_APB2PeriphResetCmd                   0x08000bad   Thumb Code    26  stm32f10x_rcc.o(.text)
    RCC_APB1PeriphResetCmd                   0x08000bc7   Thumb Code    26  stm32f10x_rcc.o(.text)
    RCC_BackupResetCmd                       0x08000be1   Thumb Code     8  stm32f10x_rcc.o(.text)
    RCC_ClockSecuritySystemCmd               0x08000be9   Thumb Code     6  stm32f10x_rcc.o(.text)
    RCC_MCOConfig                            0x08000bef   Thumb Code     6  stm32f10x_rcc.o(.text)
    RCC_ClearFlag                            0x08000bf5   Thumb Code    14  stm32f10x_rcc.o(.text)
    RCC_GetITStatus                          0x08000c03   Thumb Code    20  stm32f10x_rcc.o(.text)
    RCC_ClearITPendingBit                    0x08000c17   Thumb Code     6  stm32f10x_rcc.o(.text)
    TIM_DeInit                               0x08000c41   Thumb Code   424  stm32f10x_tim.o(.text)
    TIM_TimeBaseInit                         0x08000de9   Thumb Code   122  stm32f10x_tim.o(.text)
    TIM_OC1Init                              0x08000e63   Thumb Code   132  stm32f10x_tim.o(.text)
    TIM_OC2Init                              0x08000ee7   Thumb Code   154  stm32f10x_tim.o(.text)
    TIM_OC3Init                              0x08000f81   Thumb Code   150  stm32f10x_tim.o(.text)
    TIM_OC4Init                              0x08001017   Thumb Code   182  stm32f10x_tim.o(.text)
    TIM_SetIC4Prescaler                      0x080010cd   Thumb Code    26  stm32f10x_tim.o(.text)
    TIM_SetIC3Prescaler                      0x08001169   Thumb Code    18  stm32f10x_tim.o(.text)
    TIM_SetIC2Prescaler                      0x080011f5   Thumb Code    26  stm32f10x_tim.o(.text)
    TIM_SetIC1Prescaler                      0x08001291   Thumb Code    18  stm32f10x_tim.o(.text)
    TIM_ICInit                               0x0800130f   Thumb Code   150  stm32f10x_tim.o(.text)
    TIM_PWMIConfig                           0x080013a5   Thumb Code   124  stm32f10x_tim.o(.text)
    TIM_BDTRConfig                           0x08001421   Thumb Code    32  stm32f10x_tim.o(.text)
    TIM_TimeBaseStructInit                   0x08001441   Thumb Code    18  stm32f10x_tim.o(.text)
    TIM_OCStructInit                         0x08001453   Thumb Code    20  stm32f10x_tim.o(.text)
    TIM_ICStructInit                         0x08001467   Thumb Code    18  stm32f10x_tim.o(.text)
    TIM_BDTRStructInit                       0x08001479   Thumb Code    40  stm32f10x_tim.o(.text)
    TIM_Cmd                                  0x080014a1   Thumb Code    24  stm32f10x_tim.o(.text)
    TIM_CtrlPWMOutputs                       0x080014b9   Thumb Code    30  stm32f10x_tim.o(.text)
    TIM_ITConfig                             0x080014d7   Thumb Code    18  stm32f10x_tim.o(.text)
    TIM_GenerateEvent                        0x080014e9   Thumb Code     4  stm32f10x_tim.o(.text)
    TIM_DMAConfig                            0x080014ed   Thumb Code    10  stm32f10x_tim.o(.text)
    TIM_DMACmd                               0x080014f7   Thumb Code    18  stm32f10x_tim.o(.text)
    TIM_InternalClockConfig                  0x08001509   Thumb Code    12  stm32f10x_tim.o(.text)
    TIM_SelectInputTrigger                   0x08001515   Thumb Code    18  stm32f10x_tim.o(.text)
    TIM_ITRxExternalClockConfig              0x08001527   Thumb Code    24  stm32f10x_tim.o(.text)
    TIM_TIxExternalClockConfig               0x0800153f   Thumb Code    62  stm32f10x_tim.o(.text)
    TIM_ETRConfig                            0x0800157d   Thumb Code    28  stm32f10x_tim.o(.text)
    TIM_ETRClockMode1Config                  0x08001599   Thumb Code    54  stm32f10x_tim.o(.text)
    TIM_ETRClockMode2Config                  0x080015cf   Thumb Code    32  stm32f10x_tim.o(.text)
    TIM_PrescalerConfig                      0x080015ef   Thumb Code     6  stm32f10x_tim.o(.text)
    TIM_CounterModeConfig                    0x080015f5   Thumb Code    18  stm32f10x_tim.o(.text)
    TIM_EncoderInterfaceConfig               0x08001607   Thumb Code    66  stm32f10x_tim.o(.text)
    TIM_ForcedOC1Config                      0x08001649   Thumb Code    18  stm32f10x_tim.o(.text)
    TIM_ForcedOC2Config                      0x0800165b   Thumb Code    26  stm32f10x_tim.o(.text)
    TIM_ForcedOC3Config                      0x08001675   Thumb Code    18  stm32f10x_tim.o(.text)
    TIM_ForcedOC4Config                      0x08001687   Thumb Code    26  stm32f10x_tim.o(.text)
    TIM_ARRPreloadConfig                     0x080016a1   Thumb Code    24  stm32f10x_tim.o(.text)
    TIM_SelectCOM                            0x080016b9   Thumb Code    24  stm32f10x_tim.o(.text)
    TIM_SelectCCDMA                          0x080016d1   Thumb Code    24  stm32f10x_tim.o(.text)
    TIM_CCPreloadControl                     0x080016e9   Thumb Code    24  stm32f10x_tim.o(.text)
    TIM_OC1PreloadConfig                     0x08001701   Thumb Code    18  stm32f10x_tim.o(.text)
    TIM_OC2PreloadConfig                     0x08001713   Thumb Code    26  stm32f10x_tim.o(.text)
    TIM_OC3PreloadConfig                     0x0800172d   Thumb Code    18  stm32f10x_tim.o(.text)
    TIM_OC4PreloadConfig                     0x0800173f   Thumb Code    26  stm32f10x_tim.o(.text)
    TIM_OC1FastConfig                        0x08001759   Thumb Code    18  stm32f10x_tim.o(.text)
    TIM_OC2FastConfig                        0x0800176b   Thumb Code    26  stm32f10x_tim.o(.text)
    TIM_OC3FastConfig                        0x08001785   Thumb Code    18  stm32f10x_tim.o(.text)
    TIM_OC4FastConfig                        0x08001797   Thumb Code    26  stm32f10x_tim.o(.text)
    TIM_ClearOC1Ref                          0x080017b1   Thumb Code    18  stm32f10x_tim.o(.text)
    TIM_ClearOC2Ref                          0x080017c3   Thumb Code    24  stm32f10x_tim.o(.text)
    TIM_ClearOC3Ref                          0x080017db   Thumb Code    18  stm32f10x_tim.o(.text)
    TIM_ClearOC4Ref                          0x080017ed   Thumb Code    24  stm32f10x_tim.o(.text)
    TIM_OC1PolarityConfig                    0x08001805   Thumb Code    18  stm32f10x_tim.o(.text)
    TIM_OC1NPolarityConfig                   0x08001817   Thumb Code    18  stm32f10x_tim.o(.text)
    TIM_OC2PolarityConfig                    0x08001829   Thumb Code    26  stm32f10x_tim.o(.text)
    TIM_OC2NPolarityConfig                   0x08001843   Thumb Code    26  stm32f10x_tim.o(.text)
    TIM_OC3PolarityConfig                    0x0800185d   Thumb Code    26  stm32f10x_tim.o(.text)
    TIM_OC3NPolarityConfig                   0x08001877   Thumb Code    26  stm32f10x_tim.o(.text)
    TIM_OC4PolarityConfig                    0x08001891   Thumb Code    26  stm32f10x_tim.o(.text)
    TIM_CCxCmd                               0x080018ab   Thumb Code    30  stm32f10x_tim.o(.text)
    TIM_CCxNCmd                              0x080018c9   Thumb Code    30  stm32f10x_tim.o(.text)
    TIM_SelectOCxM                           0x080018e7   Thumb Code    82  stm32f10x_tim.o(.text)
    TIM_UpdateDisableConfig                  0x08001939   Thumb Code    24  stm32f10x_tim.o(.text)
    TIM_UpdateRequestConfig                  0x08001951   Thumb Code    24  stm32f10x_tim.o(.text)
    TIM_SelectHallSensor                     0x08001969   Thumb Code    24  stm32f10x_tim.o(.text)
    TIM_SelectOnePulseMode                   0x08001981   Thumb Code    18  stm32f10x_tim.o(.text)
    TIM_SelectOutputTrigger                  0x08001993   Thumb Code    18  stm32f10x_tim.o(.text)
    TIM_SelectSlaveMode                      0x080019a5   Thumb Code    18  stm32f10x_tim.o(.text)
    TIM_SelectMasterSlaveMode                0x080019b7   Thumb Code    18  stm32f10x_tim.o(.text)
    TIM_SetCounter                           0x080019c9   Thumb Code     4  stm32f10x_tim.o(.text)
    TIM_SetAutoreload                        0x080019cd   Thumb Code     4  stm32f10x_tim.o(.text)
    TIM_SetCompare1                          0x080019d1   Thumb Code     4  stm32f10x_tim.o(.text)
    TIM_SetCompare2                          0x080019d5   Thumb Code     4  stm32f10x_tim.o(.text)
    TIM_SetCompare3                          0x080019d9   Thumb Code     4  stm32f10x_tim.o(.text)
    TIM_SetCompare4                          0x080019dd   Thumb Code     6  stm32f10x_tim.o(.text)
    TIM_SetClockDivision                     0x080019e3   Thumb Code    18  stm32f10x_tim.o(.text)
    TIM_GetCapture1                          0x080019f5   Thumb Code     6  stm32f10x_tim.o(.text)
    TIM_GetCapture2                          0x080019fb   Thumb Code     6  stm32f10x_tim.o(.text)
    TIM_GetCapture3                          0x08001a01   Thumb Code     6  stm32f10x_tim.o(.text)
    TIM_GetCapture4                          0x08001a07   Thumb Code     8  stm32f10x_tim.o(.text)
    TIM_GetCounter                           0x08001a0f   Thumb Code     6  stm32f10x_tim.o(.text)
    TIM_GetPrescaler                         0x08001a15   Thumb Code     6  stm32f10x_tim.o(.text)
    TIM_GetFlagStatus                        0x08001a1b   Thumb Code    18  stm32f10x_tim.o(.text)
    TIM_ClearFlag                            0x08001a2d   Thumb Code     6  stm32f10x_tim.o(.text)
    TIM_GetITStatus                          0x08001a33   Thumb Code    34  stm32f10x_tim.o(.text)
    TIM_ClearITPendingBit                    0x08001a55   Thumb Code     6  stm32f10x_tim.o(.text)
    USART_DeInit                             0x08001a5d   Thumb Code   134  stm32f10x_usart.o(.text)
    USART_Init                               0x08001ae3   Thumb Code   210  stm32f10x_usart.o(.text)
    USART_StructInit                         0x08001bb5   Thumb Code    24  stm32f10x_usart.o(.text)
    USART_ClockInit                          0x08001bcd   Thumb Code    34  stm32f10x_usart.o(.text)
    USART_ClockStructInit                    0x08001bef   Thumb Code    12  stm32f10x_usart.o(.text)
    USART_Cmd                                0x08001bfb   Thumb Code    24  stm32f10x_usart.o(.text)
    USART_ITConfig                           0x08001c13   Thumb Code    74  stm32f10x_usart.o(.text)
    USART_DMACmd                             0x08001c5d   Thumb Code    18  stm32f10x_usart.o(.text)
    USART_SetAddress                         0x08001c6f   Thumb Code    18  stm32f10x_usart.o(.text)
    USART_WakeUpConfig                       0x08001c81   Thumb Code    18  stm32f10x_usart.o(.text)
    USART_ReceiverWakeUpCmd                  0x08001c93   Thumb Code    24  stm32f10x_usart.o(.text)
    USART_LINBreakDetectLengthConfig         0x08001cab   Thumb Code    18  stm32f10x_usart.o(.text)
    USART_LINCmd                             0x08001cbd   Thumb Code    24  stm32f10x_usart.o(.text)
    USART_SendData                           0x08001cd5   Thumb Code     8  stm32f10x_usart.o(.text)
    USART_ReceiveData                        0x08001cdd   Thumb Code    10  stm32f10x_usart.o(.text)
    USART_SendBreak                          0x08001ce7   Thumb Code    10  stm32f10x_usart.o(.text)
    USART_SetGuardTime                       0x08001cf1   Thumb Code    16  stm32f10x_usart.o(.text)
    USART_SetPrescaler                       0x08001d01   Thumb Code    16  stm32f10x_usart.o(.text)
    USART_SmartCardCmd                       0x08001d11   Thumb Code    24  stm32f10x_usart.o(.text)
    USART_SmartCardNACKCmd                   0x08001d29   Thumb Code    24  stm32f10x_usart.o(.text)
    USART_HalfDuplexCmd                      0x08001d41   Thumb Code    24  stm32f10x_usart.o(.text)
    USART_OverSampling8Cmd                   0x08001d59   Thumb Code    22  stm32f10x_usart.o(.text)
    USART_OneBitMethodCmd                    0x08001d6f   Thumb Code    24  stm32f10x_usart.o(.text)
    USART_IrDAConfig                         0x08001d87   Thumb Code    18  stm32f10x_usart.o(.text)
    USART_IrDACmd                            0x08001d99   Thumb Code    24  stm32f10x_usart.o(.text)
    USART_GetFlagStatus                      0x08001db1   Thumb Code    26  stm32f10x_usart.o(.text)
    USART_ClearFlag                          0x08001dcb   Thumb Code    18  stm32f10x_usart.o(.text)
    USART_GetITStatus                        0x08001ddd   Thumb Code    84  stm32f10x_usart.o(.text)
    USART_ClearITPendingBit                  0x08001e31   Thumb Code    52  stm32f10x_usart.o(.text)
    main                                     0x08001e65   Thumb Code    42  main.o(.text)
    NMI_Handler                              0x08001eb9   Thumb Code     2  stm32f10x_it.o(.text)
    HardFault_Handler                        0x08001ebb   Thumb Code     4  stm32f10x_it.o(.text)
    MemManage_Handler                        0x08001ebf   Thumb Code     4  stm32f10x_it.o(.text)
    BusFault_Handler                         0x08001ec3   Thumb Code     4  stm32f10x_it.o(.text)
    UsageFault_Handler                       0x08001ec7   Thumb Code     4  stm32f10x_it.o(.text)
    SVC_Handler                              0x08001ecb   Thumb Code     2  stm32f10x_it.o(.text)
    DebugMon_Handler                         0x08001ecd   Thumb Code     2  stm32f10x_it.o(.text)
    PendSV_Handler                           0x08001ecf   Thumb Code     2  stm32f10x_it.o(.text)
    SysTick_Handler                          0x08001ed1   Thumb Code     8  stm32f10x_it.o(.text)
    USART3_IRQHandler                        0x08001ed9   Thumb Code   134  stm32f10x_it.o(.text)
    USARTx_Config                            0x08001f79   Thumb Code   120  bsp_usart1.o(.text)
    fputc                                    0x08001ff1   Thumb Code    32  bsp_usart1.o(.text)
    fgetc                                    0x08002011   Thumb Code    26  bsp_usart1.o(.text)
    SysTick_Init                             0x08002035   Thumb Code   106  bsp_systick.o(.text)
    Delay_us                                 0x0800209f   Thumb Code    36  bsp_systick.o(.text)
    TimingDelay_Decrement                    0x080020c3   Thumb Code    18  bsp_systick.o(.text)
    ESP8266_Init                             0x080021e5   Thumb Code    32  bsp_esp8266.o(.text)
    ESP8266_Rst                              0x08002205   Thumb Code    30  bsp_esp8266.o(.text)
    ESP8266_Cmd                              0x08002223   Thumb Code   170  bsp_esp8266.o(.text)
    ESP8266_AT_Test                          0x080022cd   Thumb Code    56  bsp_esp8266.o(.text)
    ESP8266_Net_Mode_Choose                  0x08002305   Thumb Code    68  bsp_esp8266.o(.text)
    ESP8266_JoinAP                           0x08002349   Thumb Code    38  bsp_esp8266.o(.text)
    ESP8266_BuildAP                          0x0800236f   Thumb Code    42  bsp_esp8266.o(.text)
    ESP8266_Enable_MultipleId                0x08002399   Thumb Code    42  bsp_esp8266.o(.text)
    ESP8266_Link_Server                      0x080023c3   Thumb Code   110  bsp_esp8266.o(.text)
    ESP8266_StartOrShutServer                0x08002431   Thumb Code   104  bsp_esp8266.o(.text)
    ESP8266_Get_LinkStatus                   0x08002499   Thumb Code    64  bsp_esp8266.o(.text)
    ESP8266_Get_IdLinkStatus                 0x080024d9   Thumb Code   476  bsp_esp8266.o(.text)
    ESP8266_Inquire_ApIp                     0x080026b5   Thumb Code    80  bsp_esp8266.o(.text)
    ESP8266_UnvarnishSend                    0x08002705   Thumb Code    42  bsp_esp8266.o(.text)
    ESP8266_ExitUnvarnishSend                0x0800272f   Thumb Code    24  bsp_esp8266.o(.text)
    ESP8266_SendString                       0x08002747   Thumb Code   104  bsp_esp8266.o(.text)
    ESP8266_ReceiveString                    0x080027af   Thumb Code    88  bsp_esp8266.o(.text)
    USART_printf                             0x0800291b   Thumb Code   262  common.o(.text)
    DHT11_Init                               0x08002a47   Thumb Code    16  bsp_dht11.o(.text)
    DHT11_Read_TempAndHumidity               0x08002ae7   Thumb Code   156  bsp_dht11.o(.text)
    ESP8266_StaTcpClient_UnvarnishTest       0x08002b89   Thumb Code   494  test.o(.text)
    LED_GPIO_Config                          0x08002e75   Thumb Code    46  bsp_led.o(.text)
    SMD_Init                                 0x08002fe9   Thumb Code    16  microstepdriver.o(.text)
    SMD_ENA                                  0x08002ff9   Thumb Code    68  microstepdriver.o(.text)
    SMD_Move                                 0x0800303d   Thumb Code   414  microstepdriver.o(.text)
    SMD_StepCounter                          0x080031db   Thumb Code    28  microstepdriver.o(.text)
    TIM2_IRQHandler                          0x080031f7   Thumb Code   602  microstepdriver.o(.text)
    ShowHelp                                 0x08003461   Thumb Code    70  smd_test.o(.text)
    ShowData                                 0x080034a7   Thumb Code   194  smd_test.o(.text)
    Delay                                    0x08003569   Thumb Code    18  smd_test.o(.text)
    SMD_demo_run                             0x0800357b   Thumb Code   140  smd_test.o(.text)
    DealSerialData                           0x08003607   Thumb Code  1162  smd_test.o(.text)
    EXTI_Key_Config                          0x08003b2f   Thumb Code   132  bsp_exti.o(.text)
    __aeabi_memset                           0x08003bbd   Thumb Code    14  memseta.o(.text)
    __aeabi_memset4                          0x08003bbd   Thumb Code     0  memseta.o(.text)
    __aeabi_memset8                          0x08003bbd   Thumb Code     0  memseta.o(.text)
    __aeabi_memclr                           0x08003bcb   Thumb Code     4  memseta.o(.text)
    __aeabi_memclr4                          0x08003bcb   Thumb Code     0  memseta.o(.text)
    __aeabi_memclr8                          0x08003bcb   Thumb Code     0  memseta.o(.text)
    _memset$wrapper                          0x08003bcf   Thumb Code    18  memseta.o(.text)
    strstr                                   0x08003be1   Thumb Code    36  strstr.o(.text)
    strcmp                                   0x08003c05   Thumb Code    28  strcmp.o(.text)
    strcpy                                   0x08003c21   Thumb Code    18  strcpy.o(.text)
    atoi                                     0x08003c33   Thumb Code    26  atoi.o(.text)
    __aeabi_dmul                             0x08003c4d   Thumb Code   228  dmul.o(.text)
    __aeabi_ddiv                             0x08003d31   Thumb Code   222  ddiv.o(.text)
    __aeabi_i2d                              0x08003e0f   Thumb Code    34  dflti.o(.text)
    __aeabi_ui2d                             0x08003e31   Thumb Code    26  dfltui.o(.text)
    __aeabi_d2uiz                            0x08003e4b   Thumb Code    50  dfixui.o(.text)
    __aeabi_uidiv                            0x08003e7d   Thumb Code     0  uidiv.o(.text)
    __aeabi_uidivmod                         0x08003e7d   Thumb Code    44  uidiv.o(.text)
    __aeabi_uldivmod                         0x08003ea9   Thumb Code    98  uldiv.o(.text)
    __aeabi_llsr                             0x08003f0b   Thumb Code    32  llushr.o(.text)
    _ll_ushift_r                             0x08003f0b   Thumb Code     0  llushr.o(.text)
    strtol                                   0x08003f2b   Thumb Code   112  strtol.o(.text)
    __I$use$fp                               0x08003f9b   Thumb Code     0  iusefp.o(.text)
    _double_round                            0x08003f9b   Thumb Code    30  depilogue.o(.text)
    _double_epilogue                         0x08003fb9   Thumb Code   156  depilogue.o(.text)
    __aeabi_dadd                             0x08004055   Thumb Code   322  dadd.o(.text)
    __aeabi_dsub                             0x08004197   Thumb Code     6  dadd.o(.text)
    __aeabi_drsub                            0x0800419d   Thumb Code     6  dadd.o(.text)
    _dsqrt                                   0x080041a3   Thumb Code   162  dsqrt.o(.text)
    __aeabi_d2ulz                            0x08004245   Thumb Code    48  dfixul.o(.text)
    __aeabi_cdrcmple                         0x08004275   Thumb Code    48  cdrcmple.o(.text)
    __scatterload                            0x080042a5   Thumb Code    28  init.o(.text)
    __scatterload_rt2                        0x080042a5   Thumb Code     0  init.o(.text)
    __aeabi_llsl                             0x080042c9   Thumb Code    30  llshl.o(.text)
    _ll_shift_l                              0x080042c9   Thumb Code     0  llshl.o(.text)
    __aeabi_lasr                             0x080042e7   Thumb Code    36  llsshr.o(.text)
    _ll_sshift_r                             0x080042e7   Thumb Code     0  llsshr.o(.text)
    __rt_ctype_table                         0x0800430d   Thumb Code     4  ctype_o.o(.text)
    _strtoul                                 0x08004315   Thumb Code   158  _strtoul.o(.text)
    _chval                                   0x080043b3   Thumb Code    28  _chval.o(.text)
    __0printf                                0x080043d1   Thumb Code    22  printfa.o(i.__0printf)
    __1printf                                0x080043d1   Thumb Code     0  printfa.o(i.__0printf)
    __2printf                                0x080043d1   Thumb Code     0  printfa.o(i.__0printf)
    __c89printf                              0x080043d1   Thumb Code     0  printfa.o(i.__0printf)
    printf                                   0x080043d1   Thumb Code     0  printfa.o(i.__0printf)
    __0sprintf                               0x080043f1   Thumb Code    34  printfa.o(i.__0sprintf)
    __1sprintf                               0x080043f1   Thumb Code     0  printfa.o(i.__0sprintf)
    __2sprintf                               0x080043f1   Thumb Code     0  printfa.o(i.__0sprintf)
    __c89sprintf                             0x080043f1   Thumb Code     0  printfa.o(i.__0sprintf)
    sprintf                                  0x080043f1   Thumb Code     0  printfa.o(i.__0sprintf)
    __aeabi_errno_addr                       0x08004419   Thumb Code     4  errno.o(i.__aeabi_errno_addr)
    __rt_errno_addr                          0x08004419   Thumb Code     0  errno.o(i.__aeabi_errno_addr)
    __scatterload_copy                       0x08004421   Thumb Code    14  handlers.o(i.__scatterload_copy)
    __scatterload_null                       0x0800442f   Thumb Code     2  handlers.o(i.__scatterload_null)
    __scatterload_zeroinit                   0x08004431   Thumb Code    14  handlers.o(i.__scatterload_zeroinit)
    __set_errno                              0x08004441   Thumb Code     6  errno.o(i.__set_errno)
    sqrt                                     0x08004ce9   Thumb Code    76  sqrt.o(i.sqrt)
    __ctype_table                            0x08004d34   Data         129  ctype_o.o(.constdata)
    Region$$Table$$Base                      0x08005078   Number         0  anon$$obj.o(Region$$Table)
    Region$$Table$$Limit                     0x08005098   Number         0  anon$$obj.o(Region$$Table)
    SystemCoreClock                          0x20000000   Data           4  system_stm32f10x.o(.data)
    AHBPrescTable                            0x20000004   Data          16  system_stm32f10x.o(.data)
    ucTcpClosedFlag                          0x2000002c   Data           1  test.o(.data)
    led_on                                   0x20000030   Data           4  test.o(.data)
    led_off                                  0x20000034   Data           4  test.o(.data)
    dht11                                    0x20000038   Data           4  test.o(.data)
    stepping_motor                           0x2000003c   Data           4  test.o(.data)
    stepping_motor_exit                      0x20000040   Data           4  test.o(.data)
    DHT11_Data                               0x20000044   Data           5  test.o(.data)
    stepPosition                             0x2000004c   Data           4  microstepdriver.o(.data)
    status                                   0x20000050   Data           1  microstepdriver.o(.data)
    __stdout                                 0x20000074   Data           4  stdout.o(.data)
    strEsp8266_Fram_Record                   0x2000007c   Data        1026  bsp_esp8266.o(.bss)
    srd                                      0x20000480   Data          24  microstepdriver.o(.bss)
    __initial_sp                             0x20000898   Data           0  startup_stm32f10x_hd.o(STACK)



==============================================================================

Memory Map of the image

  Image Entry point : 0x08000131

  Load Region LR_IROM1 (Base: 0x08000000, Size: 0x00005114, Max: 0x00080000, ABSOLUTE)

    Execution Region ER_IROM1 (Base: 0x08000000, Size: 0x00005098, Max: 0x00080000, ABSOLUTE)

    Base Addr    Size         Type   Attr      Idx    E Section Name        Object

    0x08000000   0x00000130   Data   RO            3    RESET               startup_stm32f10x_hd.o
    0x08000130   0x00000000   Code   RO          655  * .ARM.Collect$$$$00000000  mc_w.l(entry.o)
    0x08000130   0x00000004   Code   RO          939    .ARM.Collect$$$$00000001  mc_w.l(entry2.o)
    0x08000134   0x00000004   Code   RO          942    .ARM.Collect$$$$00000004  mc_w.l(entry5.o)
    0x08000138   0x00000000   Code   RO          944    .ARM.Collect$$$$00000008  mc_w.l(entry7b.o)
    0x08000138   0x00000000   Code   RO          946    .ARM.Collect$$$$0000000A  mc_w.l(entry8b.o)
    0x08000138   0x00000008   Code   RO          947    .ARM.Collect$$$$0000000B  mc_w.l(entry9a.o)
    0x08000140   0x00000000   Code   RO          949    .ARM.Collect$$$$0000000D  mc_w.l(entry10a.o)
    0x08000140   0x00000000   Code   RO          951    .ARM.Collect$$$$0000000F  mc_w.l(entry11a.o)
    0x08000140   0x00000004   Code   RO          940    .ARM.Collect$$$$00002712  mc_w.l(entry2.o)
    0x08000144   0x00000024   Code   RO            4    .text               startup_stm32f10x_hd.o
    0x08000168   0x000001e0   Code   RO           24    .text               system_stm32f10x.o
    0x08000348   0x000000dc   Code   RO           67    .text               misc.o
    0x08000424   0x0000011c   Code   RO          203    .text               stm32f10x_exti.o
    0x08000540   0x0000035c   Code   RO          248    .text               stm32f10x_gpio.o
    0x0800089c   0x000003a4   Code   RO          305    .text               stm32f10x_rcc.o
    0x08000c40   0x00000e1a   Code   RO          364    .text               stm32f10x_tim.o
    0x08001a5a   0x00000002   PAD
    0x08001a5c   0x00000408   Code   RO          376    .text               stm32f10x_usart.o
    0x08001e64   0x00000054   Code   RO          403    .text               main.o
    0x08001eb8   0x000000c0   Code   RO          455    .text               stm32f10x_it.o
    0x08001f78   0x000000bc   Code   RO          473    .text               bsp_usart1.o
    0x08002034   0x000000b4   Code   RO          485    .text               bsp_systick.o
    0x080020e8   0x000007d0   Code   RO          503    .text               bsp_esp8266.o
    0x080028b8   0x00000168   Code   RO          521    .text               common.o
    0x08002a20   0x00000168   Code   RO          536    .text               bsp_dht11.o
    0x08002b88   0x000002ec   Code   RO          551    .text               test.o
    0x08002e74   0x00000034   Code   RO          571    .text               bsp_led.o
    0x08002ea8   0x000005b8   Code   RO          583    .text               microstepdriver.o
    0x08003460   0x0000069c   Code   RO          607    .text               smd_test.o
    0x08003afc   0x000000c0   Code   RO          635    .text               bsp_exti.o
    0x08003bbc   0x00000024   Code   RO          658    .text               mc_w.l(memseta.o)
    0x08003be0   0x00000024   Code   RO          660    .text               mc_w.l(strstr.o)
    0x08003c04   0x0000001c   Code   RO          662    .text               mc_w.l(strcmp.o)
    0x08003c20   0x00000012   Code   RO          664    .text               mc_w.l(strcpy.o)
    0x08003c32   0x0000001a   Code   RO          927    .text               mc_w.l(atoi.o)
    0x08003c4c   0x000000e4   Code   RO          929    .text               mf_w.l(dmul.o)
    0x08003d30   0x000000de   Code   RO          931    .text               mf_w.l(ddiv.o)
    0x08003e0e   0x00000022   Code   RO          933    .text               mf_w.l(dflti.o)
    0x08003e30   0x0000001a   Code   RO          935    .text               mf_w.l(dfltui.o)
    0x08003e4a   0x00000032   Code   RO          937    .text               mf_w.l(dfixui.o)
    0x08003e7c   0x0000002c   Code   RO          954    .text               mc_w.l(uidiv.o)
    0x08003ea8   0x00000062   Code   RO          956    .text               mc_w.l(uldiv.o)
    0x08003f0a   0x00000020   Code   RO          958    .text               mc_w.l(llushr.o)
    0x08003f2a   0x00000070   Code   RO          967    .text               mc_w.l(strtol.o)
    0x08003f9a   0x00000000   Code   RO          969    .text               mc_w.l(iusefp.o)
    0x08003f9a   0x000000ba   Code   RO          970    .text               mf_w.l(depilogue.o)
    0x08004054   0x0000014e   Code   RO          972    .text               mf_w.l(dadd.o)
    0x080041a2   0x000000a2   Code   RO          974    .text               mf_w.l(dsqrt.o)
    0x08004244   0x00000030   Code   RO          976    .text               mf_w.l(dfixul.o)
    0x08004274   0x00000030   Code   RO          980    .text               mf_w.l(cdrcmple.o)
    0x080042a4   0x00000024   Code   RO          982    .text               mc_w.l(init.o)
    0x080042c8   0x0000001e   Code   RO          984    .text               mc_w.l(llshl.o)
    0x080042e6   0x00000024   Code   RO          986    .text               mc_w.l(llsshr.o)
    0x0800430a   0x00000002   PAD
    0x0800430c   0x00000008   Code   RO          988    .text               mc_w.l(ctype_o.o)
    0x08004314   0x0000009e   Code   RO         1016    .text               mc_w.l(_strtoul.o)
    0x080043b2   0x0000001c   Code   RO         1018    .text               mc_w.l(_chval.o)
    0x080043ce   0x00000002   PAD
    0x080043d0   0x00000020   Code   RO          899    i.__0printf         mc_w.l(printfa.o)
    0x080043f0   0x00000028   Code   RO          901    i.__0sprintf        mc_w.l(printfa.o)
    0x08004418   0x00000008   Code   RO          960    i.__aeabi_errno_addr  mc_w.l(errno.o)
    0x08004420   0x0000000e   Code   RO         1022    i.__scatterload_copy  mc_w.l(handlers.o)
    0x0800442e   0x00000002   Code   RO         1023    i.__scatterload_null  mc_w.l(handlers.o)
    0x08004430   0x0000000e   Code   RO         1024    i.__scatterload_zeroinit  mc_w.l(handlers.o)
    0x0800443e   0x00000002   PAD
    0x08004440   0x0000000c   Code   RO          962    i.__set_errno       mc_w.l(errno.o)
    0x0800444c   0x00000164   Code   RO          906    i._fp_digits        mc_w.l(printfa.o)
    0x080045b0   0x000006dc   Code   RO          907    i._printf_core      mc_w.l(printfa.o)
    0x08004c8c   0x00000024   Code   RO          908    i._printf_post_padding  mc_w.l(printfa.o)
    0x08004cb0   0x0000002e   Code   RO          909    i._printf_pre_padding  mc_w.l(printfa.o)
    0x08004cde   0x0000000a   Code   RO          911    i._sputc            mc_w.l(printfa.o)
    0x08004ce8   0x0000004c   Code   RO          648    i.sqrt              m_ws.l(sqrt.o)
    0x08004d34   0x00000081   Data   RO          989    .constdata          mc_w.l(ctype_o.o)
    0x08004db5   0x00000003   PAD
    0x08004db8   0x00000004   Data   RO          990    .constdata          mc_w.l(ctype_o.o)
    0x08004dbc   0x0000003c   Data   RO          553    .conststring        test.o
    0x08004df8   0x0000008f   Data   RO          585    .conststring        microstepdriver.o
    0x08004e87   0x00000001   PAD
    0x08004e88   0x000001ef   Data   RO          608    .conststring        smd_test.o
    0x08005077   0x00000001   PAD
    0x08005078   0x00000020   Data   RO         1020    Region$$Table       anon$$obj.o


    Execution Region RW_IRAM1 (Base: 0x20000000, Size: 0x00000898, Max: 0x00010000, ABSOLUTE)

    Base Addr    Size         Type   Attr      Idx    E Section Name        Object

    0x20000000   0x00000014   Data   RW           25    .data               system_stm32f10x.o
    0x20000014   0x00000014   Data   RW          306    .data               stm32f10x_rcc.o
    0x20000028   0x00000004   Data   RW          486    .data               bsp_systick.o
    0x2000002c   0x0000001d   Data   RW          554    .data               test.o
    0x20000049   0x00000003   PAD
    0x2000004c   0x00000014   Data   RW          586    .data               microstepdriver.o
    0x20000060   0x00000014   Data   RW          609    .data               smd_test.o
    0x20000074   0x00000004   Data   RW          953    .data               mc_w.l(stdout.o)
    0x20000078   0x00000004   Data   RW          963    .data               mc_w.l(errno.o)
    0x2000007c   0x00000402   Zero   RW          504    .bss                bsp_esp8266.o
    0x2000047e   0x00000002   PAD
    0x20000480   0x00000018   Zero   RW          584    .bss                microstepdriver.o
    0x20000498   0x00000400   Zero   RW            1    STACK               startup_stm32f10x_hd.o


==============================================================================

Image component sizes


      Code (inc. data)   RO Data    RW Data    ZI Data      Debug   Object Name

       360          6          0          0          0       2680   bsp_dht11.o
      2000        524          0          0       1026       8561   bsp_esp8266.o
       192         10          0          0          0        746   bsp_exti.o
        52          6          0          0          0        490   bsp_led.o
       180         20          0          4          0      16661   bsp_systick.o
       188         10          0          0          0       1012   bsp_usart1.o
       360          0          0          0          0       2327   common.o
         0          0          0          0          0       4512   core_cm3.o
        84         42          0          0          0       2563   main.o
      1464         72        143         20         24       4478   microstepdriver.o
       220         22          0          0          0       1797   misc.o
      1692        498        495         20          0       2858   smd_test.o
        36          8        304          0       1024        856   startup_stm32f10x_hd.o
       284         10          0          0          0       4443   stm32f10x_exti.o
       860         38          0          0          0       5729   stm32f10x_gpio.o
       192         26          0          0          0       1500   stm32f10x_it.o
       932         36          0         20          0       8904   stm32f10x_rcc.o
      3610         88          0          0          0      22840   stm32f10x_tim.o
      1032         22          0          0          0       8456   stm32f10x_usart.o
       480         38          0         20          0     250203   system_stm32f10x.o
       748        254         60         29          0       1971   test.o

    ----------------------------------------------------------------------
     14968       1730       1036        116       2076     353587   Object Totals
         0          0         32          0          0          0   (incl. Generated)
         2          0          2          3          2          0   (incl. Padding)

    ----------------------------------------------------------------------

      Code (inc. data)   RO Data    RW Data    ZI Data      Debug   Library Member Name

        76          0          0          0          0         84   sqrt.o
        28          0          0          0          0         68   _chval.o
       158          0          0          0          0         92   _strtoul.o
        26          0          0          0          0         80   atoi.o
         8          4        133          0          0         68   ctype_o.o
         0          0          0          0          0          0   entry.o
         0          0          0          0          0          0   entry10a.o
         0          0          0          0          0          0   entry11a.o
         8          4          0          0          0          0   entry2.o
         4          0          0          0          0          0   entry5.o
         0          0          0          0          0          0   entry7b.o
         0          0          0          0          0          0   entry8b.o
         8          4          0          0          0          0   entry9a.o
        20         10          0          4          0        136   errno.o
        30          0          0          0          0          0   handlers.o
        36          8          0          0          0         68   init.o
         0          0          0          0          0          0   iusefp.o
        30          0          0          0          0         68   llshl.o
        36          0          0          0          0         68   llsshr.o
        32          0          0          0          0         68   llushr.o
        36          0          0          0          0        108   memseta.o
      2276         96          0          0          0        596   printfa.o
         0          0          0          4          0          0   stdout.o
        28          0          0          0          0         76   strcmp.o
        18          0          0          0          0         68   strcpy.o
        36          0          0          0          0         80   strstr.o
       112          0          0          0          0         88   strtol.o
        44          0          0          0          0         80   uidiv.o
        98          0          0          0          0         92   uldiv.o
        48          0          0          0          0         68   cdrcmple.o
       334          0          0          0          0        148   dadd.o
       222          0          0          0          0        100   ddiv.o
       186          0          0          0          0        176   depilogue.o
        50          0          0          0          0         76   dfixui.o
        48          0          0          0          0         68   dfixul.o
        34          0          0          0          0         76   dflti.o
        26          0          0          0          0         76   dfltui.o
       228          0          0          0          0         96   dmul.o
       162          0          0          0          0        100   dsqrt.o

    ----------------------------------------------------------------------
      4492        126        136          8          0       2972   Library Totals
         6          0          3          0          0          0   (incl. Padding)

    ----------------------------------------------------------------------

      Code (inc. data)   RO Data    RW Data    ZI Data      Debug   Library Name

        76          0          0          0          0         84   m_ws.l
      3072        126        133          8          0       1904   mc_w.l
      1338          0          0          0          0        984   mf_w.l

    ----------------------------------------------------------------------
      4492        126        136          8          0       2972   Library Totals

    ----------------------------------------------------------------------

==============================================================================


      Code (inc. data)   RO Data    RW Data    ZI Data      Debug   

     19460       1856       1172        124       2076     353591   Grand Totals
     19460       1856       1172        124       2076     353591   ELF Image Totals
     19460       1856       1172        124          0          0   ROM Totals

==============================================================================

    Total RO  Size (Code + RO Data)                20632 (  20.15kB)
    Total RW  Size (RW Data + ZI Data)              2200 (   2.15kB)
    Total ROM Size (Code + RO Data + RW Data)      20756 (  20.27kB)

==============================================================================

